Archive member included to satisfy reference by file (symbol)

../../libDaisy/build/libdaisy.a(daisy_seed.o)
                              build/main.o (daisy::DaisySeed::StartAudio(void (*)(float const*, float*, unsigned int)))
../../libDaisy/build/libdaisy.a(codec_ak4556.o)
                              ../../libDaisy/build/libdaisy.a(daisy_seed.o) (daisy::Ak4556::Init(dsy_gpio_pin))
../../libDaisy/build/libdaisy.a(codec_wm8731.o)
                              ../../libDaisy/build/libdaisy.a(daisy_seed.o) (daisy::Wm8731::Init(daisy::Wm8731::Config const&, daisy::I2CHandle))
../../libDaisy/build/libdaisy.a(sdram.o)
                              ../../libDaisy/build/libdaisy.a(daisy_seed.o) (SdramHandle::Init())
../../libDaisy/build/libdaisy.a(audio.o)
                              ../../libDaisy/build/libdaisy.a(daisy_seed.o) (daisy::AudioHandle::Init(daisy::AudioHandle::Config const&, daisy::SaiHandle))
../../libDaisy/build/libdaisy.a(midi_parser.o)
                              build/main.o (daisy::MidiParser::Parse(unsigned char, daisy::MidiEvent*))
../../libDaisy/build/libdaisy.a(usb_midi.o)
                              build/main.o (daisy::MidiUsbTransport::Init(daisy::MidiUsbTransport::Config))
../../libDaisy/build/libdaisy.a(gpio.o)
                              ../../libDaisy/build/libdaisy.a(daisy_seed.o) (daisy::GPIO::Init(daisy::Pin, daisy::GPIO::Mode, daisy::GPIO::Pull, daisy::GPIO::Speed))
../../libDaisy/build/libdaisy.a(i2c.o)
                              ../../libDaisy/build/libdaisy.a(daisy_seed.o) (daisy::I2CHandle::Init(daisy::I2CHandle::Config const&))
../../libDaisy/build/libdaisy.a(qspi.o)
                              build/main.o (daisy::QSPIHandle::Init(daisy::QSPIHandle::Config const&))
../../libDaisy/build/libdaisy.a(sai.o)
                              ../../libDaisy/build/libdaisy.a(daisy_seed.o) (daisy::SaiHandle::Init(daisy::SaiHandle::Config const&))
../../libDaisy/build/libdaisy.a(tim.o)
                              build/main.o (daisy::TimerHandle::Init(daisy::TimerHandle::Config const&))
../../libDaisy/build/libdaisy.a(system.o)
                              ../../libDaisy/build/libdaisy.a(daisy_seed.o) (daisy::System::DeInit())
../../libDaisy/build/libdaisy.a(system_stm32h7xx.o)
                              build/startup_stm32h750xx.o (SystemInit)
../../libDaisy/build/libdaisy.a(usbd_conf.o)
                              ../../libDaisy/build/libdaisy.a(system.o) (hpcd_USB_OTG_HS)
../../libDaisy/build/libdaisy.a(usbh_conf.o)
                              ../../libDaisy/build/libdaisy.a(system.o) (hhcd_USB_OTG_HS)
../../libDaisy/build/libdaisy.a(hal_map.o)
                              ../../libDaisy/build/libdaisy.a(gpio.o) (dsy_hal_map_get_port)
../../libDaisy/build/libdaisy.a(stm32h7xx_hal.o)
                              ../../libDaisy/build/libdaisy.a(system.o) (HAL_Init)
../../libDaisy/build/libdaisy.a(stm32h7xx_hal_cortex.o)
                              ../../libDaisy/build/libdaisy.a(stm32h7xx_hal.o) (HAL_NVIC_SetPriorityGrouping)
../../libDaisy/build/libdaisy.a(stm32h7xx_hal_dma.o)
                              ../../libDaisy/build/libdaisy.a(i2c.o) (HAL_DMA_Init)
../../libDaisy/build/libdaisy.a(stm32h7xx_hal_gpio.o)
                              ../../libDaisy/build/libdaisy.a(sdram.o) (HAL_GPIO_Init)
../../libDaisy/build/libdaisy.a(stm32h7xx_hal_hcd.o)
                              ../../libDaisy/build/libdaisy.a(usbh_conf.o) (HAL_HCD_HC_Init)
../../libDaisy/build/libdaisy.a(stm32h7xx_hal_i2c.o)
                              ../../libDaisy/build/libdaisy.a(i2c.o) (HAL_I2C_Init)
../../libDaisy/build/libdaisy.a(stm32h7xx_hal_i2c_ex.o)
                              ../../libDaisy/build/libdaisy.a(i2c.o) (HAL_I2CEx_ConfigAnalogFilter)
../../libDaisy/build/libdaisy.a(stm32h7xx_hal_pcd.o)
                              ../../libDaisy/build/libdaisy.a(usbd_conf.o) (HAL_PCD_Init)
../../libDaisy/build/libdaisy.a(stm32h7xx_hal_pcd_ex.o)
                              ../../libDaisy/build/libdaisy.a(usbd_conf.o) (HAL_PCDEx_SetTxFiFo)
../../libDaisy/build/libdaisy.a(stm32h7xx_hal_pwr_ex.o)
                              ../../libDaisy/build/libdaisy.a(system.o) (HAL_PWREx_ConfigSupply)
../../libDaisy/build/libdaisy.a(stm32h7xx_hal_qspi.o)
                              ../../libDaisy/build/libdaisy.a(qspi.o) (HAL_QSPI_Init)
../../libDaisy/build/libdaisy.a(stm32h7xx_hal_rcc.o)
                              ../../libDaisy/build/libdaisy.a(system.o) (HAL_RCC_OscConfig)
../../libDaisy/build/libdaisy.a(stm32h7xx_hal_rcc_ex.o)
                              ../../libDaisy/build/libdaisy.a(system.o) (HAL_RCCEx_PeriphCLKConfig)
../../libDaisy/build/libdaisy.a(stm32h7xx_hal_sai.o)
                              ../../libDaisy/build/libdaisy.a(sai.o) (HAL_SAI_InitProtocol)
../../libDaisy/build/libdaisy.a(stm32h7xx_hal_sdram.o)
                              ../../libDaisy/build/libdaisy.a(sdram.o) (HAL_SDRAM_Init)
../../libDaisy/build/libdaisy.a(stm32h7xx_hal_tim.o)
[...]
Memory Configuration

Name             Origin             Length             Attributes
FLASH            0x0000000008000000 0x0000000000020000 xr
DTCMRAM          0x0000000020000000 0x0000000000020000 xrw
SRAM             0x0000000024000000 0x0000000000080000 xrw
RAM_D2           0x0000000030000000 0x0000000000048000 xrw
RAM_D3           0x0000000038000000 0x0000000000010000 xrw
BACKUP_SRAM      0x0000000038800000 0x0000000000001000 xrw
ITCMRAM          0x0000000000000000 0x0000000000010000 xrw
SDRAM            0x00000000c0000000 0x0000000004000000 xrw
QSPIFLASH        0x0000000090000000 0x0000000000800000 xr
*default*        0x0000000000000000 0xffffffffffffffff

Linker script and memory map

LOAD /Library/DaisyToolchain/0.2.0/arm/bin/../lib/gcc/arm-none-eabi/10.3.1/thumb/v7e-m+dp/hard/crti.o
LOAD /Library/DaisyToolchain/0.2.0/arm/bin/../lib/gcc/arm-none-eabi/10.3.1/thumb/v7e-m+dp/hard/crtbegin.o
LOAD /Library/DaisyToolchain/0.2.0/arm/bin/../lib/gcc/arm-none-eabi/10.3.1/../../../../arm-none-eabi/lib/thumb/v7e-m+dp/hard/crt0.o
LOAD build/startup_stm32h750xx.o
LOAD build/main.o
LOAD build/vasynth.o
LOAD ../../libDaisy/build/libdaisy.a
LOAD /Library/DaisyToolchain/0.2.0/arm/bin/../lib/gcc/arm-none-eabi/10.3.1/../../../../arm-none-eabi/lib/thumb/v7e-m+dp/hard/libnosys.a
LOAD ../../DaisySP/build/libdaisysp.a
LOAD ../../DaisySP/DaisySP-LGPL/build/libdaisysp-lgpl.a
LOAD /Library/DaisyToolchain/0.2.0/arm/bin/../lib/gcc/arm-none-eabi/10.3.1/../../../../arm-none-eabi/lib/thumb/v7e-m+dp/hard/libstdc++_nano.a
LOAD /Library/DaisyToolchain/0.2.0/arm/bin/../lib/gcc/arm-none-eabi/10.3.1/../../../../arm-none-eabi/lib/thumb/v7e-m+dp/hard/libm.a
LOAD /Library/DaisyToolchain/0.2.0/arm/bin/../lib/gcc/arm-none-eabi/10.3.1/../../../../arm-none-eabi/lib/thumb/v7e-m+dp/hard/libc_nano.a
START GROUP
LOAD /Library/DaisyToolchain/0.2.0/arm/bin/../lib/gcc/arm-none-eabi/10.3.1/thumb/v7e-m+dp/hard/libgcc.a
LOAD /Library/DaisyToolchain/0.2.0/arm/bin/../lib/gcc/arm-none-eabi/10.3.1/../../../../arm-none-eabi/lib/thumb/v7e-m+dp/hard/libc_nano.a
END GROUP
START GROUP
LOAD /Library/DaisyToolchain/0.2.0/arm/bin/../lib/gcc/arm-none-eabi/10.3.1/thumb/v7e-m+dp/hard/libgcc.a
LOAD /Library/DaisyToolchain/0.2.0/arm/bin/../lib/gcc/arm-none-eabi/10.3.1/../../../../arm-none-eabi/lib/thumb/v7e-m+dp/hard/libc_nano.a
LOAD /Library/DaisyToolchain/0.2.0/arm/bin/../lib/gcc/arm-none-eabi/10.3.1/../../../../arm-none-eabi/lib/thumb/v7e-m+dp/hard/libnosys.a
END GROUP
START GROUP
LOAD /Library/DaisyToolchain/0.2.0/arm/bin/../lib/gcc/arm-none-eabi/10.3.1/thumb/v7e-m+dp/hard/libgcc.a
LOAD /Library/DaisyToolchain/0.2.0/arm/bin/../lib/gcc/arm-none-eabi/10.3.1/../../../../arm-none-eabi/lib/thumb/v7e-m+dp/hard/libc_nano.a
LOAD /Library/DaisyToolchain/0.2.0/arm/bin/../lib/gcc/arm-none-eabi/10.3.1/../../../../arm-none-eabi/lib/thumb/v7e-m+dp/hard/libnosys.a
END GROUP
LOAD /Library/DaisyToolchain/0.2.0/arm/bin/../lib/gcc/arm-none-eabi/10.3.1/thumb/v7e-m+dp/hard/crtend.o
LOAD /Library/DaisyToolchain/0.2.0/arm/bin/../lib/gcc/arm-none-eabi/10.3.1/thumb/v7e-m+dp/hard/crtn.o
                0x0000000020020000                _estack = 0x20020000

.isr_vector     0x0000000008000000      0x298
                0x0000000008000000                . = ALIGN (0x4)
 *(.isr_vector)
 .isr_vector    0x0000000008000000      0x298 build/startup_stm32h750xx.o
                0x0000000008000000                g_pfnVectors
                0x0000000008000298                . = ALIGN (0x4)

.text           0x00000000080002a0    0x15008
                0x00000000080002a0                . = ALIGN (0x4)
                0x00000000080002a0                _stext = .
 *(.text)
 .text          0x00000000080002a0       0x40 /Library/DaisyToolchain/0.2.0/arm/bin/../lib/gcc/arm-none-eabi/10.3.1/thumb/v7e-m+dp/hard/crtbegin.o
 .text          0x00000000080002e0       0xa0 /Library/DaisyToolchain/0.2.0/arm/bin/../lib/gcc/arm-none-eabi/10.3.1/../../../../arm-none-eabi/lib/thumb/v7e-m+dp/hard/libc_nano.a(lib_a-memchr.o)
                0x00000000080002e0                memchr
 .text          0x0000000008000380      0x378 /Library/DaisyToolchain/0.2.0/arm/bin/../lib/gcc/arm-none-eabi/10.3.1/thumb/v7e-m+dp/hard/libgcc.a(_arm_addsubdf3.o)
                0x0000000008000380                __aeabi_drsub
                0x0000000008000388                __subdf3
                0x0000000008000388                __aeabi_dsub
                0x000000000800038c                __aeabi_dadd
                0x000000000800038c                __adddf3
                0x0000000008000604                __aeabi_ui2d
                0x0000000008000604                __floatunsidf
                0x0000000008000624                __floatsidf
                0x0000000008000624                __aeabi_i2d
                0x0000000008000648                __extendsfdf2
                0x0000000008000648                __aeabi_f2d
                0x000000000800068c                __aeabi_ul2d
                0x000000000800068c                __floatundidf
                0x000000000800069c                __aeabi_l2d
                0x000000000800069c                __floatdidf
 .text          0x00000000080006f8       0x30 /Library/DaisyToolchain/0.2.0/arm/bin/../lib/gcc/arm-none-eabi/10.3.1/thumb/v7e-m+dp/hard/libgcc.a(_aeabi_uldivmod.o)
                0x00000000080006f8                __aeabi_uldivmod
 .text          0x0000000008000728      0x2d0 /Library/DaisyToolchain/0.2.0/arm/bin/../lib/gcc/arm-none-eabi/10.3.1/thumb/v7e-m+dp/hard/libgcc.a(_udivmoddi4.o)
                0x0000000008000728                __udivmoddi4
 .text          0x00000000080009f8        0x4 /Library/DaisyToolchain/0.2.0/arm/bin/../lib/gcc/arm-none-eabi/10.3.1/thumb/v7e-m+dp/hard/libgcc.a(_dvmd_tls.o)
                0x00000000080009f8                __aeabi_ldiv0
                0x00000000080009f8                __aeabi_idiv0
 *(.text*)
 .text.Default_Handler
                0x00000000080009fc        0x4 build/startup_stm32h750xx.o
                0x00000000080009fc                SAI1_IRQHandler
                0x00000000080009fc                HASH_RNG_IRQHandler
                0x00000000080009fc                EXTI2_IRQHandler
                0x00000000080009fc                TIM8_CC_IRQHandler
                0x00000000080009fc                HRTIM1_Master_IRQHandler
                0x00000000080009fc                DebugMon_Handler
                0x00000000080009fc                TIM1_CC_IRQHandler
                0x00000000080009fc                BDMA_Channel6_IRQHandler
                0x00000000080009fc                DMA2_Stream5_IRQHandler
                0x00000000080009fc                HRTIM1_FLT_IRQHandler
                0x00000000080009fc                JPEG_IRQHandler
                0x00000000080009fc                BDMA_Channel1_IRQHandler
                0x00000000080009fc                HRTIM1_TIMD_IRQHandler
                0x00000000080009fc                TAMP_STAMP_IRQHandler
                0x00000000080009fc                PendSV_Handler
                0x00000000080009fc                NMI_Handler
                0x00000000080009fc                EXTI3_IRQHandler
                0x00000000080009fc                LPTIM4_IRQHandler
                0x00000000080009fc                TIM8_TRG_COM_TIM14_IRQHandler
                0x00000000080009fc                LPTIM2_IRQHandler
                0x00000000080009fc                DFSDM1_FLT1_IRQHandler
                0x00000000080009fc                DMAMUX2_OVR_IRQHandler
                0x00000000080009fc                TIM8_UP_TIM13_IRQHandler
                0x00000000080009fc                I2C3_ER_IRQHandler
                0x00000000080009fc                DFSDM1_FLT2_IRQHandler
                0x00000000080009fc                MDMA_IRQHandler
                0x00000000080009fc                LPTIM3_IRQHandler
                0x00000000080009fc                HSEM1_IRQHandler
                0x00000000080009fc                EXTI0_IRQHandler
                0x00000000080009fc                DMA1_Stream2_IRQHandler
                0x00000000080009fc                FPU_IRQHandler
                0x00000000080009fc                OTG_HS_WKUP_IRQHandler
                0x00000000080009fc                FDCAN1_IT1_IRQHandler
                0x00000000080009fc                UsageFault_Handler
                0x00000000080009fc                LTDC_ER_IRQHandler
                0x00000000080009fc                HRTIM1_TIME_IRQHandler
                0x00000000080009fc                TIM6_DAC_IRQHandler
                0x00000000080009fc                DCMI_IRQHandler
                0x00000000080009fc                HRTIM1_TIMC_IRQHandler
                0x00000000080009fc                SAI2_IRQHandler
                0x00000000080009fc                DFSDM1_FLT3_IRQHandler
                0x00000000080009fc                TIM17_IRQHandler
                0x00000000080009fc                CRYP_IRQHandler
                0x00000000080009fc                BDMA_Channel7_IRQHandler
                0x00000000080009fc                LPTIM5_IRQHandler
                0x00000000080009fc                ADC3_IRQHandler
                0x00000000080009fc                DMA2_Stream0_IRQHandler
                0x00000000080009fc                BDMA_Channel2_IRQHandler
                0x00000000080009fc                DMAMUX1_OVR_IRQHandler
                0x00000000080009fc                TIM16_IRQHandler
                0x00000000080009fc                BDMA_Channel5_IRQHandler
                0x00000000080009fc                RCC_IRQHandler
                0x00000000080009fc                TIM8_BRK_TIM12_IRQHandler
                0x00000000080009fc                TIM1_TRG_COM_IRQHandler
                0x00000000080009fc                Default_Handler
                0x00000000080009fc                ECC_IRQHandler
                0x00000000080009fc                CEC_IRQHandler
                0x00000000080009fc                EXTI15_10_IRQHandler
                0x00000000080009fc                BDMA_Channel0_IRQHandler
                0x00000000080009fc                ADC_IRQHandler
                0x00000000080009fc                DMA1_Stream7_IRQHandler
                0x00000000080009fc                HRTIM1_TIMA_IRQHandler
                0x00000000080009fc                TIM7_IRQHandler
                0x00000000080009fc                SDMMC1_IRQHandler
                0x00000000080009fc                DMA2_Stream7_IRQHandler
                0x00000000080009fc                TIM15_IRQHandler
                0x00000000080009fc                PVD_AVD_IRQHandler
                0x00000000080009fc                EXTI9_5_IRQHandler
                0x00000000080009fc                RTC_WKUP_IRQHandler
                0x00000000080009fc                LTDC_IRQHandler
                0x00000000080009fc                SAI3_IRQHandler
                0x00000000080009fc                ETH_WKUP_IRQHandler
                0x00000000080009fc                SPDIF_RX_IRQHandler
                0x00000000080009fc                MemManage_Handler
                0x00000000080009fc                SVC_Handler
                0x00000000080009fc                CRS_IRQHandler
                0x00000000080009fc                EXTI4_IRQHandler
                0x00000000080009fc                HRTIM1_TIMB_IRQHandler
                0x00000000080009fc                FDCAN2_IT1_IRQHandler
                0x00000000080009fc                ETH_IRQHandler
                0x00000000080009fc                TIM1_UP_IRQHandler
                0x00000000080009fc                BDMA_Channel4_IRQHandler
                0x00000000080009fc                WWDG_IRQHandler
                0x00000000080009fc                SPI6_IRQHandler
                0x00000000080009fc                I2C4_EV_IRQHandler
                0x00000000080009fc                MDIOS_IRQHandler
                0x00000000080009fc                FDCAN2_IT0_IRQHandler
                0x00000000080009fc                FDCAN1_IT0_IRQHandler
                0x00000000080009fc                OTG_FS_WKUP_IRQHandler
                0x00000000080009fc                DMA2D_IRQHandler
                0x00000000080009fc                TIM1_BRK_IRQHandler
                0x00000000080009fc                EXTI1_IRQHandler
                0x00000000080009fc                SDMMC2_IRQHandler
                0x00000000080009fc                BDMA_Channel3_IRQHandler
                0x00000000080009fc                MDIOS_WKUP_IRQHandler
                0x00000000080009fc                DFSDM1_FLT0_IRQHandler
                0x00000000080009fc                SAI4_IRQHandler
                0x00000000080009fc                I2C2_ER_IRQHandler
                0x00000000080009fc                DMA2_Stream1_IRQHandler
                0x00000000080009fc                FLASH_IRQHandler
                0x00000000080009fc                BusFault_Handler
                0x00000000080009fc                WAKEUP_PIN_IRQHandler
                0x00000000080009fc                I2C1_ER_IRQHandler
                0x00000000080009fc                FMC_IRQHandler
                0x00000000080009fc                FDCAN_CAL_IRQHandler
                0x00000000080009fc                SWPMI1_IRQHandler
                0x00000000080009fc                COMP1_IRQHandler
                0x00000000080009fc                LPTIM1_IRQHandler
                0x00000000080009fc                I2C4_ER_IRQHandler
                0x00000000080009fc                DMA2_Stream6_IRQHandler
                0x00000000080009fc                RTC_Alarm_IRQHandler
 .text.Reset_Handler
                0x0000000008000a00       0x44 build/startup_stm32h750xx.o
                0x0000000008000a00                Reset_Handler
 .text._ZN5daisy9DaisySeedD2Ev
                0x0000000008000a44        0x4 build/main.o
                0x0000000008000a44                daisy::DaisySeed::~DaisySeed()
                0x0000000008000a44                daisy::DaisySeed::~DaisySeed()
 .text._ZN7VASynthD2Ev
                0x0000000008000a48        0x4 build/main.o
                0x0000000008000a48                VASynth::~VASynth()
                0x0000000008000a48                VASynth::~VASynth()
 .text._ZN5daisy11MidiHandlerINS_16MidiUsbTransportEED2Ev
                0x0000000008000a4c        0x4 build/main.o
                0x0000000008000a4c                daisy::MidiHandler<daisy::MidiUsbTransport>::~MidiHandler()
                0x0000000008000a4c                daisy::MidiHandler<daisy::MidiUsbTransport>::~MidiHandler()
 .text._ZN7daisysp9DelayLineIfLj48000EED2Ev
                0x0000000008000a50        0x4 build/main.o
                0x0000000008000a50                daisysp::DelayLine<float, 48000u>::~DelayLine()
                0x0000000008000a50                daisysp::DelayLine<float, 48000u>::~DelayLine()
 .text._Z13AudioCallbackPKfPfj
                0x0000000008000a54       0x78 build/main.o
                0x0000000008000a54                AudioCallback(float const*, float*, unsigned int)
 .text._Z13SequencerPlayt.part.0
                0x0000000008000acc       0xd4 build/main.o
 .text._ZN5daisy11MidiHandlerINS_16MidiUsbTransportEE13ParseCallbackEPhjPv
                0x0000000008000ba0       0x74 build/main.o
                0x0000000008000ba0                daisy::MidiHandler<daisy::MidiUsbTransport>::ParseCallback(unsigned char*, unsigned int, void*)
 .text._Z8CallbackPv
                0x0000000008000c14       0x24 build/main.o
                0x0000000008000c14                Callback(void*)
 .text._ZN7VASynthC2Ev
                0x0000000008000c38       0x94 build/main.o
                0x0000000008000c38                VASynth::VASynth()
                0x0000000008000c38                VASynth::VASynth()
 .text._Z15SequencerRecordhh
                0x0000000008000ccc       0x6c build/main.o
                0x0000000008000ccc                SequencerRecord(unsigned char, unsigned char)
 .text._Z17HandleMidiMessageN5daisy9MidiEventE
                0x0000000008000d38      0x40c build/main.o
                0x0000000008000d38                HandleMidiMessage(daisy::MidiEvent)
 .text._Z15SeqTimer_Configv
                0x0000000008001144       0x4c build/main.o
                0x0000000008001144                SeqTimer_Config()
 .text.startup.main
                0x0000000008001190      0x1b4 build/main.o
                0x0000000008001190                main
 .text.startup._GLOBAL__sub_I_hardware
                0x0000000008001344       0x94 build/main.o
 .text._ZN7VASynth4InitEv
                0x00000000080013d8      0x374 build/vasynth.o
                0x00000000080013d8                VASynth::Init()
 .text._ZN7VASynth11SetWaveformEv
                0x000000000800174c       0x24 build/vasynth.o
                0x000000000800174c                VASynth::SetWaveform()
 .text._ZN7VASynth5SetEGEv
                0x0000000008001770       0xc8 build/vasynth.o
                0x0000000008001770                VASynth::SetEG()
 .text._ZN7VASynth9SetFilterEv
                0x0000000008001838       0x1c build/vasynth.o
                0x0000000008001838                VASynth::SetFilter()
 .text._ZN7VASynth12SetVCAVCFLFOEv
                0x0000000008001854       0x38 build/vasynth.o
                0x0000000008001854                VASynth::SetVCAVCFLFO()
 .text._ZN7VASynth7ProcessEPfS0_
                0x000000000800188c      0x3a4 build/vasynth.o
                0x000000000800188c                VASynth::Process(float*, float*)
 .text._ZN7VASynth6NoteOnEhh
                0x0000000008001c30       0xdc build/vasynth.o
                0x0000000008001c30                VASynth::NoteOn(unsigned char, unsigned char)
 .text._ZN7VASynth7NoteOffEh
                0x0000000008001d0c       0x1c build/vasynth.o
                0x0000000008001d0c                VASynth::NoteOff(unsigned char)
 .text._ZN7VASynth9PitchBendEs
                0x0000000008001d28       0x20 build/vasynth.o
                0x0000000008001d28                VASynth::PitchBend(short)
 .text._ZN7VASynth10SaveToLiveEP14VASynthSetting
                0x0000000008001d48      0x124 build/vasynth.o
                0x0000000008001d48                VASynth::SaveToLive(VASynthSetting*)
 .text._ZN7VASynth5FirstEv
                0x0000000008001e6c       0x14 build/vasynth.o
                0x0000000008001e6c                VASynth::First()
 .text._ZN5daisy9DaisySeed10StartAudioEPFvPKfPfjE
                0x0000000008001e80        0x8 ../../libDaisy/build/libdaisy.a(daisy_seed.o)
                0x0000000008001e80                daisy::DaisySeed::StartAudio(void (*)(float const*, float*, unsigned int))
 .text._ZN5daisy9DaisySeed15AudioSampleRateEv
                0x0000000008001e88        0x8 ../../libDaisy/build/libdaisy.a(daisy_seed.o)
                0x0000000008001e88                daisy::DaisySeed::AudioSampleRate()
 .text._ZN5daisy9DaisySeed17SetAudioBlockSizeEj
                0x0000000008001e90       0x38 ../../libDaisy/build/libdaisy.a(daisy_seed.o)
                0x0000000008001e90                daisy::DaisySeed::SetAudioBlockSize(unsigned int)
 .text._ZNK5daisy9DaisySeed17AudioCallbackRateEv
                0x0000000008001ec8        0x8 ../../libDaisy/build/libdaisy.a(daisy_seed.o)
                0x0000000008001ec8                daisy::DaisySeed::AudioCallbackRate() const
 .text._ZN5daisy9DaisySeed6SetLedEb
                0x0000000008001ed0        0x8 ../../libDaisy/build/libdaisy.a(daisy_seed.o)
                0x0000000008001ed0                daisy::DaisySeed::SetLed(bool)
 .text._ZN5daisy9DaisySeed17CheckBoardVersionEv
                0x0000000008001ed8       0x6c ../../libDaisy/build/libdaisy.a(daisy_seed.o)
                0x0000000008001ed8                daisy::DaisySeed::CheckBoardVersion()
 .text._ZN5daisy9DaisySeed14ConfigureAudioEv
                0x0000000008001f44      0x10c ../../libDaisy/build/libdaisy.a(daisy_seed.o)
                0x0000000008001f44                daisy::DaisySeed::ConfigureAudio()
 .text._ZN5daisy9DaisySeed4InitEb
                0x0000000008002050      0x108 ../../libDaisy/build/libdaisy.a(daisy_seed.o)
                0x0000000008002050                daisy::DaisySeed::Init(bool)
 .text._ZN5daisy6Ak45564InitE12dsy_gpio_pin
                0x0000000008002158       0x44 ../../libDaisy/build/libdaisy.a(codec_ak4556.o)
                0x0000000008002158                daisy::Ak4556::Init(dsy_gpio_pin)
 .text._ZN5daisy6Wm873120WriteControlRegisterEht
                0x000000000800219c       0x3c ../../libDaisy/build/libdaisy.a(codec_wm8731.o)
                0x000000000800219c                daisy::Wm8731::WriteControlRegister(unsigned char, unsigned short)
 .text._ZN5daisy6Wm87314InitERKNS0_6ConfigENS_9I2CHandleE
                0x00000000080021d8      0x1bc ../../libDaisy/build/libdaisy.a(codec_wm8731.o)
                0x00000000080021d8                daisy::Wm8731::Init(daisy::Wm8731::Config const&, daisy::I2CHandle)
 .text._ZN11SdramHandle10DeviceInitEv
                0x0000000008002394       0x98 ../../libDaisy/build/libdaisy.a(sdram.o)
                0x0000000008002394                SdramHandle::DeviceInit()
 .text._ZN11SdramHandle4InitEv
                0x000000000800242c       0x7c ../../libDaisy/build/libdaisy.a(sdram.o)
                0x000000000800242c                SdramHandle::Init()
 .text.HAL_SDRAM_MspInit
                0x00000000080024a8      0x1a8 ../../libDaisy/build/libdaisy.a(sdram.o)
                0x00000000080024a8                HAL_SDRAM_MspInit
 .text._ZN5daisy11AudioHandle4Impl16InternalCallbackEPlS2_j
                0x0000000008002650      0xbbc ../../libDaisy/build/libdaisy.a(audio.o)
                0x0000000008002650                daisy::AudioHandle::Impl::InternalCallback(long*, long*, unsigned int)
 .text._ZN5daisy11AudioHandle4InitERKNS0_6ConfigENS_9SaiHandleE
                0x000000000800320c       0x70 ../../libDaisy/build/libdaisy.a(audio.o)
                0x000000000800320c                daisy::AudioHandle::Init(daisy::AudioHandle::Config const&, daisy::SaiHandle)
 .text._ZNK5daisy11AudioHandle9GetConfigEv
                0x000000000800327c        0x8 ../../libDaisy/build/libdaisy.a(audio.o)
                0x000000000800327c                daisy::AudioHandle::GetConfig() const
 .text._ZN5daisy11AudioHandle12SetBlockSizeEj
                0x0000000008003284       0x1c ../../libDaisy/build/libdaisy.a(audio.o)
                0x0000000008003284                daisy::AudioHandle::SetBlockSize(unsigned int)
 .text._ZN5daisy11AudioHandle13GetSampleRateEv
                0x00000000080032a0        0x8 ../../libDaisy/build/libdaisy.a(audio.o)
                0x00000000080032a0                daisy::AudioHandle::GetSampleRate()
 .text._ZN5daisy11AudioHandle5StartEPFvPKfPfjE
                0x00000000080032a8       0x2c ../../libDaisy/build/libdaisy.a(audio.o)
                0x00000000080032a8                daisy::AudioHandle::Start(void (*)(float const*, float*, unsigned int))
 .text.startup._GLOBAL__sub_I__ZN5daisy11AudioHandle4Impl4InitENS0_6ConfigENS_9SaiHandleE
                0x00000000080032d4       0x24 ../../libDaisy/build/libdaisy.a(audio.o)
 .text._ZN5daisy10MidiParser5ParseEhPNS_9MidiEventE
                0x00000000080032f8      0x170 ../../libDaisy/build/libdaisy.a(midi_parser.o)
                0x00000000080032f8                daisy::MidiParser::Parse(unsigned char, daisy::MidiEvent*)
 .text._ZN5daisy10MidiParser5ResetEv
                0x0000000008003468        0xc ../../libDaisy/build/libdaisy.a(midi_parser.o)
                0x0000000008003468                daisy::MidiParser::Reset()
 .text._ZN5daisy16MidiUsbTransport4ImplD2Ev
                0x0000000008003474        0x4 ../../libDaisy/build/libdaisy.a(usb_midi.o)
                0x0000000008003474                daisy::MidiUsbTransport::Impl::~Impl()
                0x0000000008003474                daisy::MidiUsbTransport::Impl::~Impl()
 .text._ZN5daisy16MidiUsbTransport4Impl5ParseEv
                0x0000000008003478       0x68 ../../libDaisy/build/libdaisy.a(usb_midi.o)
                0x0000000008003478                daisy::MidiUsbTransport::Impl::Parse()
 .text._Z15ReceiveCallbackPhPm
                0x00000000080034e0       0x9c ../../libDaisy/build/libdaisy.a(usb_midi.o)
                0x00000000080034e0                ReceiveCallback(unsigned char*, unsigned long*)
 .text._ZN5daisy16MidiUsbTransport4InitENS0_6ConfigE
                0x000000000800357c       0x54 ../../libDaisy/build/libdaisy.a(usb_midi.o)
                0x000000000800357c                daisy::MidiUsbTransport::Init(daisy::MidiUsbTransport::Config)
 .text._ZN5daisy16MidiUsbTransport7StartRxEPFvPhjPvES2_
                0x00000000080035d0       0x14 ../../libDaisy/build/libdaisy.a(usb_midi.o)
                0x00000000080035d0                daisy::MidiUsbTransport::StartRx(void (*)(unsigned char*, unsigned int, void*), void*)
 .text._ZN5daisy16MidiUsbTransport8RxActiveEv
                0x00000000080035e4        0x8 ../../libDaisy/build/libdaisy.a(usb_midi.o)
                0x00000000080035e4                daisy::MidiUsbTransport::RxActive()
 .text._ZN5daisy16MidiUsbTransport7FlushRxEv
                0x00000000080035ec        0xc ../../libDaisy/build/libdaisy.a(usb_midi.o)
                0x00000000080035ec                daisy::MidiUsbTransport::FlushRx()
 .text.startup._GLOBAL__sub_I__Z15ReceiveCallbackPhPm
                0x00000000080035f8       0x60 ../../libDaisy/build/libdaisy.a(usb_midi.o)
 .text._ZN5daisy4GPIO4InitENS_3PinENS0_4ModeENS0_4PullENS0_5SpeedE
                0x0000000008003658      0x1cc ../../libDaisy/build/libdaisy.a(gpio.o)
                0x0000000008003658                daisy::GPIO::Init(daisy::Pin, daisy::GPIO::Mode, daisy::GPIO::Pull, daisy::GPIO::Speed)
 .text._ZN5daisy4GPIO4ReadEv
                0x0000000008003824       0x18 ../../libDaisy/build/libdaisy.a(gpio.o)
                0x0000000008003824                daisy::GPIO::Read()
 .text._ZN5daisy4GPIO5WriteEb
                0x000000000800383c       0x14 ../../libDaisy/build/libdaisy.a(gpio.o)
                0x000000000800383c                daisy::GPIO::Write(bool)
 .text.dsy_gpio_init
                0x0000000008003850      0x1b8 ../../libDaisy/build/libdaisy.a(gpio.o)
                0x0000000008003850                dsy_gpio_init
 .text.dsy_gpio_write
                0x0000000008003a08       0x24 ../../libDaisy/build/libdaisy.a(gpio.o)
                0x0000000008003a08                dsy_gpio_write
 .text._ZN5daisy9I2CHandle4Impl8InitPinsEv
                0x0000000008003a2c       0x58 ../../libDaisy/build/libdaisy.a(i2c.o)
                0x0000000008003a2c                daisy::I2CHandle::Impl::InitPins()
 .text.HAL_I2C_MspInit
                0x0000000008003a84      0x1b4 ../../libDaisy/build/libdaisy.a(i2c.o)
                0x0000000008003a84                HAL_I2C_MspInit
 .text.dsy_i2c_global_init
                0x0000000008003c38       0x78 ../../libDaisy/build/libdaisy.a(i2c.o)
                0x0000000008003c38                dsy_i2c_global_init
 .text.DMA1_Stream6_IRQHandler
                0x0000000008003cb0       0x34 ../../libDaisy/build/libdaisy.a(i2c.o)
                0x0000000008003cb0                DMA1_Stream6_IRQHandler
 .text.I2C1_EV_IRQHandler
                0x0000000008003ce4        0xc ../../libDaisy/build/libdaisy.a(i2c.o)
                0x0000000008003ce4                I2C1_EV_IRQHandler
 .text.I2C2_EV_IRQHandler
                0x0000000008003cf0        0xc ../../libDaisy/build/libdaisy.a(i2c.o)
                0x0000000008003cf0                I2C2_EV_IRQHandler
 .text.I2C3_EV_IRQHandler
                0x0000000008003cfc        0xc ../../libDaisy/build/libdaisy.a(i2c.o)
                0x0000000008003cfc                I2C3_EV_IRQHandler
 .text._ZN5daisy9I2CHandle4InitERKNS0_6ConfigE
                0x0000000008003d08      0x12c ../../libDaisy/build/libdaisy.a(i2c.o)
                0x0000000008003d08                daisy::I2CHandle::Init(daisy::I2CHandle::Config const&)
 .text._ZN5daisy9I2CHandle16TransmitBlockingEtPhtm
                0x0000000008003e34       0x50 ../../libDaisy/build/libdaisy.a(i2c.o)
                0x0000000008003e34                daisy::I2CHandle::TransmitBlocking(unsigned short, unsigned char*, unsigned short, unsigned long)
 .text.startup._GLOBAL__sub_I__ZN5daisy9I2CHandle4Impl10GlobalInitEv
                0x0000000008003e84       0x18 ../../libDaisy/build/libdaisy.a(i2c.o)
 .text._ZN5daisy10QSPIHandle4Impl11WriteEnableEv
                0x0000000008003e9c       0x8c ../../libDaisy/build/libdaisy.a(qspi.o)
                0x0000000008003e9c                daisy::QSPIHandle::Impl::WriteEnable()
 .text._ZN5daisy10QSPIHandle4Impl17DummyCyclesConfigENS0_6Config6DeviceE
                0x0000000008003f28      0x118 ../../libDaisy/build/libdaisy.a(qspi.o)
                0x0000000008003f28                daisy::QSPIHandle::Impl::DummyCyclesConfig(daisy::QSPIHandle::Config::Device)
 .text._ZN5daisy10QSPIHandle4Impl10QuadEnableEv
                0x0000000008004040      0x158 ../../libDaisy/build/libdaisy.a(qspi.o)
                0x0000000008004040                daisy::QSPIHandle::Impl::QuadEnable()
 .text._ZN5daisy10QSPIHandle4InitERKNS0_6ConfigE
                0x0000000008004198      0x198 ../../libDaisy/build/libdaisy.a(qspi.o)
                0x0000000008004198                daisy::QSPIHandle::Init(daisy::QSPIHandle::Config const&)
 .text.HAL_QSPI_MspInit
                0x0000000008004330      0x11c ../../libDaisy/build/libdaisy.a(qspi.o)
                0x0000000008004330                HAL_QSPI_MspInit
 .text.HAL_QSPI_MspDeInit
                0x000000000800444c       0x54 ../../libDaisy/build/libdaisy.a(qspi.o)
                0x000000000800444c                HAL_QSPI_MspDeInit
 .text.QUADSPI_IRQHandler
                0x00000000080044a0        0xc ../../libDaisy/build/libdaisy.a(qspi.o)
                0x00000000080044a0                QUADSPI_IRQHandler
 .text.startup._GLOBAL__sub_I__ZN5daisy10QSPIHandle4Impl4InitERKNS0_6ConfigE
                0x00000000080044ac       0x28 ../../libDaisy/build/libdaisy.a(qspi.o)
 .text._ZN5daisy9SaiHandle4Impl7InitDmaENS1_15PeripheralBlockE
                0x00000000080044d4       0xa0 ../../libDaisy/build/libdaisy.a(sai.o)
                0x00000000080044d4                daisy::SaiHandle::Impl::InitDma(daisy::SaiHandle::Impl::PeripheralBlock)
 .text._ZN5daisy9SaiHandle4Impl8InitPinsEv
                0x0000000008004574       0xa8 ../../libDaisy/build/libdaisy.a(sai.o)
                0x0000000008004574                daisy::SaiHandle::Impl::InitPins()
 .text.HAL_SAI_MspInit
                0x000000000800461c      0x164 ../../libDaisy/build/libdaisy.a(sai.o)
                0x000000000800461c                HAL_SAI_MspInit
 .text.DMA1_Stream0_IRQHandler
                0x0000000008004780        0xc ../../libDaisy/build/libdaisy.a(sai.o)
                0x0000000008004780                DMA1_Stream0_IRQHandler
 .text.DMA1_Stream1_IRQHandler
                0x000000000800478c        0xc ../../libDaisy/build/libdaisy.a(sai.o)
                0x000000000800478c                DMA1_Stream1_IRQHandler
 .text.DMA1_Stream3_IRQHandler
                0x0000000008004798        0xc ../../libDaisy/build/libdaisy.a(sai.o)
                0x0000000008004798                DMA1_Stream3_IRQHandler
 .text.DMA1_Stream4_IRQHandler
                0x00000000080047a4        0xc ../../libDaisy/build/libdaisy.a(sai.o)
                0x00000000080047a4                DMA1_Stream4_IRQHandler
 .text.HAL_SAI_RxHalfCpltCallback
                0x00000000080047b0       0x78 ../../libDaisy/build/libdaisy.a(sai.o)
                0x00000000080047b0                HAL_SAI_RxHalfCpltCallback
 .text.HAL_SAI_RxCpltCallback
                0x0000000008004828       0x70 ../../libDaisy/build/libdaisy.a(sai.o)
                0x0000000008004828                HAL_SAI_RxCpltCallback
 .text._ZN5daisy9SaiHandle4InitERKNS0_6ConfigE
                0x0000000008004898      0x1f0 ../../libDaisy/build/libdaisy.a(sai.o)
                0x0000000008004898                daisy::SaiHandle::Init(daisy::SaiHandle::Config const&)
 .text._ZNK5daisy9SaiHandle9GetConfigEv
                0x0000000008004a88        0x4 ../../libDaisy/build/libdaisy.a(sai.o)
                0x0000000008004a88                daisy::SaiHandle::GetConfig() const
 .text._ZN5daisy9SaiHandle8StartDmaEPlS1_jPFvS1_S1_jE
                0x0000000008004a8c       0xbc ../../libDaisy/build/libdaisy.a(sai.o)
                0x0000000008004a8c                daisy::SaiHandle::StartDma(long*, long*, unsigned int, void (*)(long*, long*, unsigned int))
 .text._ZN5daisy9SaiHandle13GetSampleRateEv
                0x0000000008004b48       0x24 ../../libDaisy/build/libdaisy.a(sai.o)
                0x0000000008004b48                daisy::SaiHandle::GetSampleRate()
 .text._ZNK5daisy9SaiHandle9GetOffsetEv
                0x0000000008004b6c        0x8 ../../libDaisy/build/libdaisy.a(sai.o)
                0x0000000008004b6c                daisy::SaiHandle::GetOffset() const
 .text.HAL_TIM_Base_MspInit
                0x0000000008004b74      0x1e0 ../../libDaisy/build/libdaisy.a(tim.o)
                0x0000000008004b74                HAL_TIM_Base_MspInit
 .text.HAL_TIM_PeriodElapsedCallback
                0x0000000008004d54       0x44 ../../libDaisy/build/libdaisy.a(tim.o)
                0x0000000008004d54                HAL_TIM_PeriodElapsedCallback
 .text.TIM2_IRQHandler
                0x0000000008004d98        0xc ../../libDaisy/build/libdaisy.a(tim.o)
                0x0000000008004d98                TIM2_IRQHandler
 .text.TIM3_IRQHandler
                0x0000000008004da4        0xc ../../libDaisy/build/libdaisy.a(tim.o)
                0x0000000008004da4                TIM3_IRQHandler
 .text.TIM4_IRQHandler
                0x0000000008004db0        0xc ../../libDaisy/build/libdaisy.a(tim.o)
                0x0000000008004db0                TIM4_IRQHandler
 .text.TIM5_IRQHandler
                0x0000000008004dbc        0xc ../../libDaisy/build/libdaisy.a(tim.o)
                0x0000000008004dbc                TIM5_IRQHandler
 .text._ZN5daisy11TimerHandle4InitERKNS0_6ConfigE
                0x0000000008004dc8       0xd0 ../../libDaisy/build/libdaisy.a(tim.o)
                0x0000000008004dc8                daisy::TimerHandle::Init(daisy::TimerHandle::Config const&)
 .text._ZN5daisy11TimerHandle5StartEv
                0x0000000008004e98       0x24 ../../libDaisy/build/libdaisy.a(tim.o)
                0x0000000008004e98                daisy::TimerHandle::Start()
 .text._ZN5daisy11TimerHandle11SetCallbackEPFvPvES1_
                0x0000000008004ebc        0xc ../../libDaisy/build/libdaisy.a(tim.o)
                0x0000000008004ebc                daisy::TimerHandle::SetCallback(void (*)(void*), void*)
 .text.startup._GLOBAL__sub_I__ZN5daisy11TimerHandle4Impl4InitERKNS0_6ConfigE
                0x0000000008004ec8       0x38 ../../libDaisy/build/libdaisy.a(tim.o)
 .text._ZN5daisy11TimerHandleD2Ev
                0x0000000008004f00        0x4 ../../libDaisy/build/libdaisy.a(system.o)
                0x0000000008004f00                daisy::TimerHandle::~TimerHandle()
                0x0000000008004f00                daisy::TimerHandle::~TimerHandle()
 .text.SysTick_Handler
                0x0000000008004f04       0x10 ../../libDaisy/build/libdaisy.a(system.o)
                0x0000000008004f04                SysTick_Handler
 .text.OTG_HS_EP1_OUT_IRQHandler
                0x0000000008004f14       0x24 ../../libDaisy/build/libdaisy.a(system.o)
                0x0000000008004f14                OTG_HS_EP1_OUT_IRQHandler
 .text.OTG_HS_EP1_IN_IRQHandler
                0x0000000008004f38       0x24 ../../libDaisy/build/libdaisy.a(system.o)
                0x0000000008004f38                OTG_HS_EP1_IN_IRQHandler
 .text.OTG_HS_IRQHandler
                0x0000000008004f5c       0x24 ../../libDaisy/build/libdaisy.a(system.o)
                0x0000000008004f5c                OTG_HS_IRQHandler
 .text.HardFault_Handler
                0x0000000008004f80       0xe0 ../../libDaisy/build/libdaisy.a(system.o)
                0x0000000008004f80                HardFault_Handler
 .text._ZN5daisy6System5DelayEm
                0x0000000008005060        0x4 ../../libDaisy/build/libdaisy.a(system.o)
                0x0000000008005060                daisy::System::Delay(unsigned long)
 .text._ZN5daisy6System20GetBootloaderVersionEv
                0x0000000008005064       0x34 ../../libDaisy/build/libdaisy.a(system.o)
                0x0000000008005064                daisy::System::GetBootloaderVersion()
 .text._ZN5daisy6System15ConfigureClocksEv
                0x0000000008005098      0x194 ../../libDaisy/build/libdaisy.a(system.o)
                0x0000000008005098                daisy::System::ConfigureClocks()
 .text._ZN5daisy6System12ConfigureMpuEv
                0x000000000800522c       0x7c ../../libDaisy/build/libdaisy.a(system.o)
                0x000000000800522c                daisy::System::ConfigureMpu()
 .text._ZN5daisy6System4InitERKNS0_6ConfigE
                0x00000000080052a8       0xec ../../libDaisy/build/libdaisy.a(system.o)
                0x00000000080052a8                daisy::System::Init(daisy::System::Config const&)
 .text._ZN5daisy6System12GetPClk1FreqEv
                0x0000000008005394        0x4 ../../libDaisy/build/libdaisy.a(system.o)
                0x0000000008005394                daisy::System::GetPClk1Freq()
 .text._ZN5daisy6System12GetPClk2FreqEv
                0x0000000008005398        0x4 ../../libDaisy/build/libdaisy.a(system.o)
                0x0000000008005398                daisy::System::GetPClk2Freq()
 .text._ZN5daisy6System22GetProgramMemoryRegionEv
                0x000000000800539c       0x78 ../../libDaisy/build/libdaisy.a(system.o)
                0x000000000800539c                daisy::System::GetProgramMemoryRegion()
 .text.startup._GLOBAL__sub_I__ZN5daisy9boot_infoE
                0x0000000008005414       0x1c ../../libDaisy/build/libdaisy.a(system.o)
 .text.SystemInit
                0x0000000008005430       0x9c ../../libDaisy/build/libdaisy.a(system_stm32h7xx.o)
                0x0000000008005430                SystemInit
 .text.HAL_PCD_MspInit
                0x00000000080054cc      0x144 ../../libDaisy/build/libdaisy.a(usbd_conf.o)
                0x00000000080054cc                HAL_PCD_MspInit
 .text.HAL_PCD_SetupStageCallback
                0x0000000008005610        0xc ../../libDaisy/build/libdaisy.a(usbd_conf.o)
                0x0000000008005610                HAL_PCD_SetupStageCallback
 .text.HAL_PCD_DataOutStageCallback
                0x000000000800561c       0x14 ../../libDaisy/build/libdaisy.a(usbd_conf.o)
                0x000000000800561c                HAL_PCD_DataOutStageCallback
 .text.HAL_PCD_DataInStageCallback
                0x0000000008005630       0x14 ../../libDaisy/build/libdaisy.a(usbd_conf.o)
                0x0000000008005630                HAL_PCD_DataInStageCallback
 .text.HAL_PCD_SOFCallback
                0x0000000008005644        0x8 ../../libDaisy/build/libdaisy.a(usbd_conf.o)
                0x0000000008005644                HAL_PCD_SOFCallback
 .text.HAL_PCD_ResetCallback
                0x000000000800564c       0x24 ../../libDaisy/build/libdaisy.a(usbd_conf.o)
                0x000000000800564c                HAL_PCD_ResetCallback
 .text.HAL_PCD_SuspendCallback
                0x0000000008005670       0x30 ../../libDaisy/build/libdaisy.a(usbd_conf.o)
                0x0000000008005670                HAL_PCD_SuspendCallback
 .text.HAL_PCD_ResumeCallback
                0x00000000080056a0        0x8 ../../libDaisy/build/libdaisy.a(usbd_conf.o)
                0x00000000080056a0                HAL_PCD_ResumeCallback
 .text.HAL_PCD_ISOOUTIncompleteCallback
                0x00000000080056a8        0x8 ../../libDaisy/build/libdaisy.a(usbd_conf.o)
                0x00000000080056a8                HAL_PCD_ISOOUTIncompleteCallback
 .text.HAL_PCD_ISOINIncompleteCallback
                0x00000000080056b0        0x8 ../../libDaisy/build/libdaisy.a(usbd_conf.o)
                0x00000000080056b0                HAL_PCD_ISOINIncompleteCallback
 .text.HAL_PCD_ConnectCallback
                0x00000000080056b8        0x8 ../../libDaisy/build/libdaisy.a(usbd_conf.o)
                0x00000000080056b8                HAL_PCD_ConnectCallback
 .text.HAL_PCD_DisconnectCallback
                0x00000000080056c0        0x8 ../../libDaisy/build/libdaisy.a(usbd_conf.o)
                0x00000000080056c0                HAL_PCD_DisconnectCallback
 .text.USBD_LL_Init
                0x00000000080056c8       0xe4 ../../libDaisy/build/libdaisy.a(usbd_conf.o)
                0x00000000080056c8                USBD_LL_Init
 .text.USBD_LL_Start
                0x00000000080057ac       0x1c ../../libDaisy/build/libdaisy.a(usbd_conf.o)
                0x00000000080057ac                USBD_LL_Start
 .text.USBD_LL_OpenEP
                0x00000000080057c8       0x24 ../../libDaisy/build/libdaisy.a(usbd_conf.o)
                0x00000000080057c8                USBD_LL_OpenEP
 .text.USBD_LL_CloseEP
                0x00000000080057ec       0x1c ../../libDaisy/build/libdaisy.a(usbd_conf.o)
                0x00000000080057ec                USBD_LL_CloseEP
 .text.USBD_LL_StallEP
                0x0000000008005808       0x1c ../../libDaisy/build/libdaisy.a(usbd_conf.o)
                0x0000000008005808                USBD_LL_StallEP
 .text.USBD_LL_ClearStallEP
                0x0000000008005824       0x1c ../../libDaisy/build/libdaisy.a(usbd_conf.o)
                0x0000000008005824                USBD_LL_ClearStallEP
 .text.USBD_LL_IsStallEP
                0x0000000008005840       0x28 ../../libDaisy/build/libdaisy.a(usbd_conf.o)
                0x0000000008005840                USBD_LL_IsStallEP
 .text.USBD_LL_SetUSBAddress
                0x0000000008005868       0x1c ../../libDaisy/build/libdaisy.a(usbd_conf.o)
                0x0000000008005868                USBD_LL_SetUSBAddress
 .text.USBD_LL_Transmit
                0x0000000008005884       0x1c ../../libDaisy/build/libdaisy.a(usbd_conf.o)
                0x0000000008005884                USBD_LL_Transmit
 .text.USBD_LL_PrepareReceive
                0x00000000080058a0       0x1c ../../libDaisy/build/libdaisy.a(usbd_conf.o)
                0x00000000080058a0                USBD_LL_PrepareReceive
 .text.USBD_LL_GetRxDataSize
                0x00000000080058bc        0x8 ../../libDaisy/build/libdaisy.a(usbd_conf.o)
                0x00000000080058bc                USBD_LL_GetRxDataSize
 .text.HAL_HCD_SOF_Callback
                0x00000000080058c4        0x8 ../../libDaisy/build/libdaisy.a(usbh_conf.o)
                0x00000000080058c4                HAL_HCD_SOF_Callback
 .text.HAL_HCD_Connect_Callback
                0x00000000080058cc        0x8 ../../libDaisy/build/libdaisy.a(usbh_conf.o)
                0x00000000080058cc                HAL_HCD_Connect_Callback
 .text.HAL_HCD_Disconnect_Callback
                0x00000000080058d4        0x8 ../../libDaisy/build/libdaisy.a(usbh_conf.o)
                0x00000000080058d4                HAL_HCD_Disconnect_Callback
 .text.HAL_HCD_HC_NotifyURBChange_Callback
                0x00000000080058dc        0x4 ../../libDaisy/build/libdaisy.a(usbh_conf.o)
                0x00000000080058dc                HAL_HCD_HC_NotifyURBChange_Callback
 .text.HAL_HCD_PortEnabled_Callback
                0x00000000080058e0        0x8 ../../libDaisy/build/libdaisy.a(usbh_conf.o)
                0x00000000080058e0                HAL_HCD_PortEnabled_Callback
 .text.HAL_HCD_PortDisabled_Callback
                0x00000000080058e8        0x8 ../../libDaisy/build/libdaisy.a(usbh_conf.o)
                0x00000000080058e8                HAL_HCD_PortDisabled_Callback
 .text.USBH_LL_Stop
                0x00000000080058f0       0x1c ../../libDaisy/build/libdaisy.a(usbh_conf.o)
                0x00000000080058f0                USBH_LL_Stop
 .text.dsy_hal_map_get_port
                0x000000000800590c       0x10 ../../libDaisy/build/libdaisy.a(hal_map.o)
                0x000000000800590c                dsy_hal_map_get_port
 .text.dsy_hal_map_get_pin
                0x000000000800591c       0x10 ../../libDaisy/build/libdaisy.a(hal_map.o)
                0x000000000800591c                dsy_hal_map_get_pin
 .text.dsy_hal_map_gpio_clk_enable
                0x000000000800592c      0x150 ../../libDaisy/build/libdaisy.a(hal_map.o)
                0x000000000800592c                dsy_hal_map_gpio_clk_enable
 .text.HAL_MspInit
                0x0000000008005a7c        0x4 ../../libDaisy/build/libdaisy.a(stm32h7xx_hal.o)
                0x0000000008005a7c                HAL_MspInit
 .text.HAL_InitTick
                0x0000000008005a80       0x4c ../../libDaisy/build/libdaisy.a(stm32h7xx_hal.o)
                0x0000000008005a80                HAL_InitTick
 .text.HAL_Init
                0x0000000008005acc       0x60 ../../libDaisy/build/libdaisy.a(stm32h7xx_hal.o)
                0x0000000008005acc                HAL_Init
 .text.HAL_IncTick
                0x0000000008005b2c       0x18 ../../libDaisy/build/libdaisy.a(stm32h7xx_hal.o)
                0x0000000008005b2c                HAL_IncTick
 .text.HAL_GetTick
                0x0000000008005b44        0xc ../../libDaisy/build/libdaisy.a(stm32h7xx_hal.o)
                0x0000000008005b44                HAL_GetTick
 .text.HAL_Delay
                0x0000000008005b50       0x24 ../../libDaisy/build/libdaisy.a(stm32h7xx_hal.o)
                0x0000000008005b50                HAL_Delay
 .text.HAL_GetREVID
                0x0000000008005b74        0xc ../../libDaisy/build/libdaisy.a(stm32h7xx_hal.o)
                0x0000000008005b74                HAL_GetREVID
 .text.HAL_NVIC_SetPriorityGrouping
                0x0000000008005b80       0x24 ../../libDaisy/build/libdaisy.a(stm32h7xx_hal_cortex.o)
                0x0000000008005b80                HAL_NVIC_SetPriorityGrouping
 .text.HAL_NVIC_SetPriority
                0x0000000008005ba4       0x7c ../../libDaisy/build/libdaisy.a(stm32h7xx_hal_cortex.o)
                0x0000000008005ba4                HAL_NVIC_SetPriority
 .text.HAL_NVIC_EnableIRQ
                0x0000000008005c20       0x1c ../../libDaisy/build/libdaisy.a(stm32h7xx_hal_cortex.o)
                0x0000000008005c20                HAL_NVIC_EnableIRQ
 .text.HAL_NVIC_DisableIRQ
                0x0000000008005c3c       0x28 ../../libDaisy/build/libdaisy.a(stm32h7xx_hal_cortex.o)
                0x0000000008005c3c                HAL_NVIC_DisableIRQ
 .text.HAL_SYSTICK_Config
                0x0000000008005c64       0x2c ../../libDaisy/build/libdaisy.a(stm32h7xx_hal_cortex.o)
                0x0000000008005c64                HAL_SYSTICK_Config
 .text.HAL_MPU_Disable
                0x0000000008005c90       0x1c ../../libDaisy/build/libdaisy.a(stm32h7xx_hal_cortex.o)
                0x0000000008005c90                HAL_MPU_Disable
 .text.HAL_MPU_Enable
                0x0000000008005cac       0x20 ../../libDaisy/build/libdaisy.a(stm32h7xx_hal_cortex.o)
                0x0000000008005cac                HAL_MPU_Enable
 .text.HAL_MPU_ConfigRegion
                0x0000000008005ccc       0x64 ../../libDaisy/build/libdaisy.a(stm32h7xx_hal_cortex.o)
                0x0000000008005ccc                HAL_MPU_ConfigRegion
 .text.HAL_SYSTICK_Callback
                0x0000000008005d30        0x4 ../../libDaisy/build/libdaisy.a(stm32h7xx_hal_cortex.o)
                0x0000000008005d30                HAL_SYSTICK_Callback
 .text.HAL_SYSTICK_IRQHandler
                0x0000000008005d34        0x8 ../../libDaisy/build/libdaisy.a(stm32h7xx_hal_cortex.o)
                0x0000000008005d34                HAL_SYSTICK_IRQHandler
 .text.DMA_CalcBaseAndBitshift
                0x0000000008005d3c       0xf4 ../../libDaisy/build/libdaisy.a(stm32h7xx_hal_dma.o)
 .text.DMA_CalcDMAMUXChannelBaseAndMask
                0x0000000008005e30       0xd8 ../../libDaisy/build/libdaisy.a(stm32h7xx_hal_dma.o)
 .text.HAL_DMA_Init
                0x0000000008005f08      0x37c ../../libDaisy/build/libdaisy.a(stm32h7xx_hal_dma.o)
                0x0000000008005f08                HAL_DMA_Init
 .text.HAL_DMA_Start_IT
                0x0000000008006284      0x240 ../../libDaisy/build/libdaisy.a(stm32h7xx_hal_dma.o)
                0x0000000008006284                HAL_DMA_Start_IT
 .text.HAL_DMA_Abort_IT
                0x00000000080064c4      0x134 ../../libDaisy/build/libdaisy.a(stm32h7xx_hal_dma.o)
                0x00000000080064c4                HAL_DMA_Abort_IT
 .text.HAL_DMA_IRQHandler
                0x00000000080065f8      0x6a0 ../../libDaisy/build/libdaisy.a(stm32h7xx_hal_dma.o)
                0x00000000080065f8                HAL_DMA_IRQHandler
 .text.HAL_DMA_GetError
                0x0000000008006c98        0x4 ../../libDaisy/build/libdaisy.a(stm32h7xx_hal_dma.o)
                0x0000000008006c98                HAL_DMA_GetError
 .text.HAL_GPIO_Init
                0x0000000008006c9c      0x280 ../../libDaisy/build/libdaisy.a(stm32h7xx_hal_gpio.o)
                0x0000000008006c9c                HAL_GPIO_Init
 .text.HAL_GPIO_DeInit
                0x0000000008006f1c      0x190 ../../libDaisy/build/libdaisy.a(stm32h7xx_hal_gpio.o)
                0x0000000008006f1c                HAL_GPIO_DeInit
 .text.HAL_GPIO_ReadPin
                0x00000000080070ac        0xc ../../libDaisy/build/libdaisy.a(stm32h7xx_hal_gpio.o)
                0x00000000080070ac                HAL_GPIO_ReadPin
 .text.HAL_GPIO_WritePin
                0x00000000080070b8        0x8 ../../libDaisy/build/libdaisy.a(stm32h7xx_hal_gpio.o)
                0x00000000080070b8                HAL_GPIO_WritePin
 .text.HAL_HCD_IRQHandler
                0x00000000080070c0      0x780 ../../libDaisy/build/libdaisy.a(stm32h7xx_hal_hcd.o)
                0x00000000080070c0                HAL_HCD_IRQHandler
 .text.HAL_HCD_Stop
                0x0000000008007840       0x28 ../../libDaisy/build/libdaisy.a(stm32h7xx_hal_hcd.o)
                0x0000000008007840                HAL_HCD_Stop
 .text.I2C_WaitOnTXISFlagUntilTimeout
                0x0000000008007868       0xb8 ../../libDaisy/build/libdaisy.a(stm32h7xx_hal_i2c.o)
 .text.I2C_WaitOnSTOPFlagUntilTimeout
                0x0000000008007920       0xac ../../libDaisy/build/libdaisy.a(stm32h7xx_hal_i2c.o)
 .text.HAL_I2C_Init
                0x00000000080079cc       0xac ../../libDaisy/build/libdaisy.a(stm32h7xx_hal_i2c.o)
                0x00000000080079cc                HAL_I2C_Init
 .text.HAL_I2C_Master_Transmit
                0x0000000008007a78      0x1a8 ../../libDaisy/build/libdaisy.a(stm32h7xx_hal_i2c.o)
                0x0000000008007a78                HAL_I2C_Master_Transmit
 .text.HAL_I2C_Slave_Transmit
                0x0000000008007c20      0x1c8 ../../libDaisy/build/libdaisy.a(stm32h7xx_hal_i2c.o)
                0x0000000008007c20                HAL_I2C_Slave_Transmit
 .text.HAL_I2C_EV_IRQHandler
                0x0000000008007de8       0x10 ../../libDaisy/build/libdaisy.a(stm32h7xx_hal_i2c.o)
                0x0000000008007de8                HAL_I2C_EV_IRQHandler
 .text.HAL_I2C_GetState
                0x0000000008007df8        0x8 ../../libDaisy/build/libdaisy.a(stm32h7xx_hal_i2c.o)
                0x0000000008007df8                HAL_I2C_GetState
 .text.HAL_I2CEx_ConfigAnalogFilter
                0x0000000008007e00       0x54 ../../libDaisy/build/libdaisy.a(stm32h7xx_hal_i2c_ex.o)
                0x0000000008007e00                HAL_I2CEx_ConfigAnalogFilter
 .text.HAL_I2CEx_ConfigDigitalFilter
                0x0000000008007e54       0x58 ../../libDaisy/build/libdaisy.a(stm32h7xx_hal_i2c_ex.o)
                0x0000000008007e54                HAL_I2CEx_ConfigDigitalFilter
 .text.HAL_PCD_Init
                0x0000000008007eac      0x12c ../../libDaisy/build/libdaisy.a(stm32h7xx_hal_pcd.o)
                0x0000000008007eac                HAL_PCD_Init
 .text.HAL_PCD_Start
                0x0000000008007fd8       0x44 ../../libDaisy/build/libdaisy.a(stm32h7xx_hal_pcd.o)
                0x0000000008007fd8                HAL_PCD_Start
 .text.HAL_PCD_IRQHandler
                0x000000000800801c      0x69c ../../libDaisy/build/libdaisy.a(stm32h7xx_hal_pcd.o)
                0x000000000800801c                HAL_PCD_IRQHandler
 .text.HAL_PCD_SetAddress
                0x00000000080086b8       0x2c ../../libDaisy/build/libdaisy.a(stm32h7xx_hal_pcd.o)
                0x00000000080086b8                HAL_PCD_SetAddress
 .text.HAL_PCD_EP_Open
                0x00000000080086e4       0x7c ../../libDaisy/build/libdaisy.a(stm32h7xx_hal_pcd.o)
                0x00000000080086e4                HAL_PCD_EP_Open
 .text.HAL_PCD_EP_Close
                0x0000000008008760       0x6c ../../libDaisy/build/libdaisy.a(stm32h7xx_hal_pcd.o)
                0x0000000008008760                HAL_PCD_EP_Close
 .text.HAL_PCD_EP_Receive
                0x00000000080087cc       0x50 ../../libDaisy/build/libdaisy.a(stm32h7xx_hal_pcd.o)
                0x00000000080087cc                HAL_PCD_EP_Receive
 .text.HAL_PCD_EP_GetRxCount
                0x000000000800881c       0x14 ../../libDaisy/build/libdaisy.a(stm32h7xx_hal_pcd.o)
                0x000000000800881c                HAL_PCD_EP_GetRxCount
 .text.HAL_PCD_EP_Transmit
                0x0000000008008830       0x50 ../../libDaisy/build/libdaisy.a(stm32h7xx_hal_pcd.o)
                0x0000000008008830                HAL_PCD_EP_Transmit
 .text.HAL_PCD_EP_SetStall
                0x0000000008008880       0x88 ../../libDaisy/build/libdaisy.a(stm32h7xx_hal_pcd.o)
                0x0000000008008880                HAL_PCD_EP_SetStall
 .text.HAL_PCD_EP_ClrStall
                0x0000000008008908       0x78 ../../libDaisy/build/libdaisy.a(stm32h7xx_hal_pcd.o)
                0x0000000008008908                HAL_PCD_EP_ClrStall
 .text.HAL_PCDEx_SetTxFiFo
                0x0000000008008980       0x54 ../../libDaisy/build/libdaisy.a(stm32h7xx_hal_pcd_ex.o)
                0x0000000008008980                HAL_PCDEx_SetTxFiFo
 .text.HAL_PCDEx_SetRxFiFo
                0x00000000080089d4        0xc ../../libDaisy/build/libdaisy.a(stm32h7xx_hal_pcd_ex.o)
                0x00000000080089d4                HAL_PCDEx_SetRxFiFo
 .text.HAL_PCDEx_ActivateLPM
                0x00000000080089e0       0x30 ../../libDaisy/build/libdaisy.a(stm32h7xx_hal_pcd_ex.o)
                0x00000000080089e0                HAL_PCDEx_ActivateLPM
 .text.HAL_PCDEx_LPM_Callback
                0x0000000008008a10        0x4 ../../libDaisy/build/libdaisy.a(stm32h7xx_hal_pcd_ex.o)
                0x0000000008008a10                HAL_PCDEx_LPM_Callback
 .text.HAL_PWREx_ConfigSupply
                0x0000000008008a14       0x4c ../../libDaisy/build/libdaisy.a(stm32h7xx_hal_pwr_ex.o)
                0x0000000008008a14                HAL_PWREx_ConfigSupply
 .text.HAL_PWREx_EnableUSBVoltageDetector
                0x0000000008008a60       0x10 ../../libDaisy/build/libdaisy.a(stm32h7xx_hal_pwr_ex.o)
                0x0000000008008a60                HAL_PWREx_EnableUSBVoltageDetector
 .text.QSPI_Config
                0x0000000008008a70      0x174 ../../libDaisy/build/libdaisy.a(stm32h7xx_hal_qspi.o)
 .text.HAL_QSPI_Init
                0x0000000008008be4       0xd8 ../../libDaisy/build/libdaisy.a(stm32h7xx_hal_qspi.o)
                0x0000000008008be4                HAL_QSPI_Init
 .text.HAL_QSPI_DeInit
                0x0000000008008cbc       0x3c ../../libDaisy/build/libdaisy.a(stm32h7xx_hal_qspi.o)
                0x0000000008008cbc                HAL_QSPI_DeInit
 .text.HAL_QSPI_Command
                0x0000000008008cf8       0xd4 ../../libDaisy/build/libdaisy.a(stm32h7xx_hal_qspi.o)
                0x0000000008008cf8                HAL_QSPI_Command
 .text.HAL_QSPI_Transmit
                0x0000000008008dcc       0xfc ../../libDaisy/build/libdaisy.a(stm32h7xx_hal_qspi.o)
                0x0000000008008dcc                HAL_QSPI_Transmit
 .text.HAL_QSPI_Receive
                0x0000000008008ec8      0x108 ../../libDaisy/build/libdaisy.a(stm32h7xx_hal_qspi.o)
                0x0000000008008ec8                HAL_QSPI_Receive
 .text.HAL_QSPI_AutoPolling
                0x0000000008008fd0       0xf0 ../../libDaisy/build/libdaisy.a(stm32h7xx_hal_qspi.o)
                0x0000000008008fd0                HAL_QSPI_AutoPolling
 .text.HAL_QSPI_MemoryMapped
                0x00000000080090c0       0xc0 ../../libDaisy/build/libdaisy.a(stm32h7xx_hal_qspi.o)
                0x00000000080090c0                HAL_QSPI_MemoryMapped
 .text.HAL_QSPI_ErrorCallback
                0x0000000008009180        0x4 ../../libDaisy/build/libdaisy.a(stm32h7xx_hal_qspi.o)
                0x0000000008009180                HAL_QSPI_ErrorCallback
 .text.QSPI_DMAAbortCplt
                0x0000000008009184       0x38 ../../libDaisy/build/libdaisy.a(stm32h7xx_hal_qspi.o)
 .text.HAL_QSPI_AbortCpltCallback
                0x00000000080091bc        0x4 ../../libDaisy/build/libdaisy.a(stm32h7xx_hal_qspi.o)
                0x00000000080091bc                HAL_QSPI_AbortCpltCallback
 .text.HAL_QSPI_CmdCpltCallback
                0x00000000080091c0        0x4 ../../libDaisy/build/libdaisy.a(stm32h7xx_hal_qspi.o)
                0x00000000080091c0                HAL_QSPI_CmdCpltCallback
 .text.HAL_QSPI_RxCpltCallback
                0x00000000080091c4        0x4 ../../libDaisy/build/libdaisy.a(stm32h7xx_hal_qspi.o)
                0x00000000080091c4                HAL_QSPI_RxCpltCallback
 .text.HAL_QSPI_TxCpltCallback
                0x00000000080091c8        0x4 ../../libDaisy/build/libdaisy.a(stm32h7xx_hal_qspi.o)
                0x00000000080091c8                HAL_QSPI_TxCpltCallback
 .text.HAL_QSPI_FifoThresholdCallback
                0x00000000080091cc        0x4 ../../libDaisy/build/libdaisy.a(stm32h7xx_hal_qspi.o)
                0x00000000080091cc                HAL_QSPI_FifoThresholdCallback
 .text.HAL_QSPI_StatusMatchCallback
                0x00000000080091d0        0x4 ../../libDaisy/build/libdaisy.a(stm32h7xx_hal_qspi.o)
                0x00000000080091d0                HAL_QSPI_StatusMatchCallback
 .text.HAL_QSPI_TimeOutCallback
                0x00000000080091d4        0x4 ../../libDaisy/build/libdaisy.a(stm32h7xx_hal_qspi.o)
                0x00000000080091d4                HAL_QSPI_TimeOutCallback
 .text.HAL_QSPI_IRQHandler
                0x00000000080091d8      0x210 ../../libDaisy/build/libdaisy.a(stm32h7xx_hal_qspi.o)
                0x00000000080091d8                HAL_QSPI_IRQHandler
 .text.HAL_RCC_OscConfig
                0x00000000080093e8      0x51c ../../libDaisy/build/libdaisy.a(stm32h7xx_hal_rcc.o)
                0x00000000080093e8                HAL_RCC_OscConfig
 .text.HAL_RCC_GetSysClockFreq
                0x0000000008009904      0x140 ../../libDaisy/build/libdaisy.a(stm32h7xx_hal_rcc.o)
                0x0000000008009904                HAL_RCC_GetSysClockFreq
 .text.HAL_RCC_ClockConfig
                0x0000000008009a44      0x234 ../../libDaisy/build/libdaisy.a(stm32h7xx_hal_rcc.o)
                0x0000000008009a44                HAL_RCC_ClockConfig
 .text.HAL_RCC_GetHCLKFreq
                0x0000000008009c78       0x2c ../../libDaisy/build/libdaisy.a(stm32h7xx_hal_rcc.o)
                0x0000000008009c78                HAL_RCC_GetHCLKFreq
 .text.HAL_RCC_GetPCLK1Freq
                0x0000000008009ca4       0x38 ../../libDaisy/build/libdaisy.a(stm32h7xx_hal_rcc.o)
                0x0000000008009ca4                HAL_RCC_GetPCLK1Freq
 .text.HAL_RCC_GetPCLK2Freq
                0x0000000008009cdc       0x38 ../../libDaisy/build/libdaisy.a(stm32h7xx_hal_rcc.o)
                0x0000000008009cdc                HAL_RCC_GetPCLK2Freq
 .text.RCCEx_PLL2_Config
                0x0000000008009d14       0xf4 ../../libDaisy/build/libdaisy.a(stm32h7xx_hal_rcc_ex.o)
 .text.RCCEx_PLL3_Config
                0x0000000008009e08       0xf4 ../../libDaisy/build/libdaisy.a(stm32h7xx_hal_rcc_ex.o)
 .text.HAL_RCCEx_PeriphCLKConfig
                0x0000000008009efc      0xa7c ../../libDaisy/build/libdaisy.a(stm32h7xx_hal_rcc_ex.o)
                0x0000000008009efc                HAL_RCCEx_PeriphCLKConfig
 .text.HAL_RCCEx_GetD3PCLK1Freq
                0x000000000800a978       0x24 ../../libDaisy/build/libdaisy.a(stm32h7xx_hal_rcc_ex.o)
                0x000000000800a978                HAL_RCCEx_GetD3PCLK1Freq
 .text.HAL_RCCEx_GetPLL2ClockFreq
                0x000000000800a99c      0x17c ../../libDaisy/build/libdaisy.a(stm32h7xx_hal_rcc_ex.o)
                0x000000000800a99c                HAL_RCCEx_GetPLL2ClockFreq
 .text.HAL_RCCEx_GetPLL3ClockFreq
                0x000000000800ab18      0x17c ../../libDaisy/build/libdaisy.a(stm32h7xx_hal_rcc_ex.o)
                0x000000000800ab18                HAL_RCCEx_GetPLL3ClockFreq
 .text.HAL_RCCEx_GetPLL1ClockFreq
                0x000000000800ac94      0x17c ../../libDaisy/build/libdaisy.a(stm32h7xx_hal_rcc_ex.o)
                0x000000000800ac94                HAL_RCCEx_GetPLL1ClockFreq
 .text.HAL_RCCEx_GetPeriphCLKFreq
                0x000000000800ae10      0x198 ../../libDaisy/build/libdaisy.a(stm32h7xx_hal_rcc_ex.o)
                0x000000000800ae10                HAL_RCCEx_GetPeriphCLKFreq
 .text.HAL_RCCEx_GetD1SysClockFreq
                0x000000000800afa8       0x2c ../../libDaisy/build/libdaisy.a(stm32h7xx_hal_rcc_ex.o)
                0x000000000800afa8                HAL_RCCEx_GetD1SysClockFreq
 .text.HAL_SAI_Init.part.0
                0x000000000800afd4      0x348 ../../libDaisy/build/libdaisy.a(stm32h7xx_hal_sai.o)
 .text.HAL_SAI_InitProtocol
                0x000000000800b31c      0x178 ../../libDaisy/build/libdaisy.a(stm32h7xx_hal_sai.o)
                0x000000000800b31c                HAL_SAI_InitProtocol
 .text.HAL_SAI_Transmit_DMA
                0x000000000800b494      0x124 ../../libDaisy/build/libdaisy.a(stm32h7xx_hal_sai.o)
                0x000000000800b494                HAL_SAI_Transmit_DMA
 .text.HAL_SAI_Receive_DMA
                0x000000000800b5b8       0xd0 ../../libDaisy/build/libdaisy.a(stm32h7xx_hal_sai.o)
                0x000000000800b5b8                HAL_SAI_Receive_DMA
 .text.HAL_SAI_TxCpltCallback
                0x000000000800b688        0x4 ../../libDaisy/build/libdaisy.a(stm32h7xx_hal_sai.o)
                0x000000000800b688                HAL_SAI_TxCpltCallback
 .text.SAI_DMATxCplt
                0x000000000800b68c       0x64 ../../libDaisy/build/libdaisy.a(stm32h7xx_hal_sai.o)
 .text.HAL_SAI_TxHalfCpltCallback
                0x000000000800b6f0        0x4 ../../libDaisy/build/libdaisy.a(stm32h7xx_hal_sai.o)
                0x000000000800b6f0                HAL_SAI_TxHalfCpltCallback
 .text.SAI_DMATxHalfCplt
                0x000000000800b6f4        0xc ../../libDaisy/build/libdaisy.a(stm32h7xx_hal_sai.o)
 .text.SAI_DMARxCplt
                0x000000000800b700       0x64 ../../libDaisy/build/libdaisy.a(stm32h7xx_hal_sai.o)
 .text.SAI_DMARxHalfCplt
                0x000000000800b764        0xc ../../libDaisy/build/libdaisy.a(stm32h7xx_hal_sai.o)
 .text.HAL_SAI_ErrorCallback
                0x000000000800b770        0x4 ../../libDaisy/build/libdaisy.a(stm32h7xx_hal_sai.o)
                0x000000000800b770                HAL_SAI_ErrorCallback
 .text.SAI_DMAError
                0x000000000800b774       0x6c ../../libDaisy/build/libdaisy.a(stm32h7xx_hal_sai.o)
 .text.HAL_SDRAM_Init
                0x000000000800b7e0       0x54 ../../libDaisy/build/libdaisy.a(stm32h7xx_hal_sdram.o)
                0x000000000800b7e0                HAL_SDRAM_Init
 .text.HAL_SDRAM_SendCommand
                0x000000000800b834       0x40 ../../libDaisy/build/libdaisy.a(stm32h7xx_hal_sdram.o)
                0x000000000800b834                HAL_SDRAM_SendCommand
 .text.HAL_SDRAM_ProgramRefreshRate
                0x000000000800b874       0x30 ../../libDaisy/build/libdaisy.a(stm32h7xx_hal_sdram.o)
                0x000000000800b874                HAL_SDRAM_ProgramRefreshRate
 .text.HAL_TIM_Base_Init
                0x000000000800b8a4      0x140 ../../libDaisy/build/libdaisy.a(stm32h7xx_hal_tim.o)
                0x000000000800b8a4                HAL_TIM_Base_Init
 .text.HAL_TIM_Base_Start
                0x000000000800b9e4       0x34 ../../libDaisy/build/libdaisy.a(stm32h7xx_hal_tim.o)
                0x000000000800b9e4                HAL_TIM_Base_Start
 .text.HAL_TIM_Base_Start_IT
                0x000000000800ba18       0x2c ../../libDaisy/build/libdaisy.a(stm32h7xx_hal_tim.o)
                0x000000000800ba18                HAL_TIM_Base_Start_IT
 .text.HAL_TIM_ConfigClockSource
                0x000000000800ba44      0x17c ../../libDaisy/build/libdaisy.a(stm32h7xx_hal_tim.o)
                0x000000000800ba44                HAL_TIM_ConfigClockSource
 .text.HAL_TIM_OC_DelayElapsedCallback
                0x000000000800bbc0        0x4 ../../libDaisy/build/libdaisy.a(stm32h7xx_hal_tim.o)
                0x000000000800bbc0                HAL_TIM_OC_DelayElapsedCallback
 .text.HAL_TIM_IC_CaptureCallback
                0x000000000800bbc4        0x4 ../../libDaisy/build/libdaisy.a(stm32h7xx_hal_tim.o)
                0x000000000800bbc4                HAL_TIM_IC_CaptureCallback
 .text.HAL_TIM_PWM_PulseFinishedCallback
                0x000000000800bbc8        0x4 ../../libDaisy/build/libdaisy.a(stm32h7xx_hal_tim.o)
                0x000000000800bbc8                HAL_TIM_PWM_PulseFinishedCallback
 .text.HAL_TIM_TriggerCallback
                0x000000000800bbcc        0x4 ../../libDaisy/build/libdaisy.a(stm32h7xx_hal_tim.o)
                0x000000000800bbcc                HAL_TIM_TriggerCallback
 .text.HAL_TIM_IRQHandler
                0x000000000800bbd0      0x170 ../../libDaisy/build/libdaisy.a(stm32h7xx_hal_tim.o)
                0x000000000800bbd0                HAL_TIM_IRQHandler
 .text.HAL_TIMEx_MasterConfigSynchronization
                0x000000000800bd40       0x64 ../../libDaisy/build/libdaisy.a(stm32h7xx_hal_tim_ex.o)
                0x000000000800bd40                HAL_TIMEx_MasterConfigSynchronization
 .text.HAL_TIMEx_CommutCallback
                0x000000000800bda4        0x4 ../../libDaisy/build/libdaisy.a(stm32h7xx_hal_tim_ex.o)
                0x000000000800bda4                HAL_TIMEx_CommutCallback
 .text.HAL_TIMEx_BreakCallback
                0x000000000800bda8        0x4 ../../libDaisy/build/libdaisy.a(stm32h7xx_hal_tim_ex.o)
                0x000000000800bda8                HAL_TIMEx_BreakCallback
 .text.HAL_TIMEx_Break2Callback
                0x000000000800bdac        0x4 ../../libDaisy/build/libdaisy.a(stm32h7xx_hal_tim_ex.o)
                0x000000000800bdac                HAL_TIMEx_Break2Callback
 .text.FMC_SDRAM_Init
                0x000000000800bdb0       0x7c ../../libDaisy/build/libdaisy.a(stm32h7xx_ll_fmc.o)
                0x000000000800bdb0                FMC_SDRAM_Init
 .text.FMC_SDRAM_Timing_Init
                0x000000000800be2c       0x98 ../../libDaisy/build/libdaisy.a(stm32h7xx_ll_fmc.o)
                0x000000000800be2c                FMC_SDRAM_Timing_Init
 .text.FMC_SDRAM_SendCommand
                0x000000000800bec4       0x28 ../../libDaisy/build/libdaisy.a(stm32h7xx_ll_fmc.o)
                0x000000000800bec4                FMC_SDRAM_SendCommand
 .text.FMC_SDRAM_ProgramRefreshRate
                0x000000000800beec       0x1c ../../libDaisy/build/libdaisy.a(stm32h7xx_ll_fmc.o)
                0x000000000800beec                FMC_SDRAM_ProgramRefreshRate
 .text.USB_CoreInit
                0x000000000800bf08      0x124 ../../libDaisy/build/libdaisy.a(stm32h7xx_ll_usb.o)
                0x000000000800bf08                USB_CoreInit
 .text.USB_SetTurnaroundTime
                0x000000000800c02c      0x104 ../../libDaisy/build/libdaisy.a(stm32h7xx_ll_usb.o)
                0x000000000800c02c                USB_SetTurnaroundTime
 .text.USB_EnableGlobalInt
                0x000000000800c130       0x10 ../../libDaisy/build/libdaisy.a(stm32h7xx_ll_usb.o)
                0x000000000800c130                USB_EnableGlobalInt
 .text.USB_DisableGlobalInt
                0x000000000800c140       0x10 ../../libDaisy/build/libdaisy.a(stm32h7xx_ll_usb.o)
                0x000000000800c140                USB_DisableGlobalInt
 .text.USB_SetCurrentMode
                0x000000000800c150       0x30 ../../libDaisy/build/libdaisy.a(stm32h7xx_ll_usb.o)
                0x000000000800c150                USB_SetCurrentMode
 .text.USB_DevInit
                0x000000000800c180      0x20c ../../libDaisy/build/libdaisy.a(stm32h7xx_ll_usb.o)
                0x000000000800c180                USB_DevInit
 .text.USB_FlushTxFifo
                0x000000000800c38c       0x34 ../../libDaisy/build/libdaisy.a(stm32h7xx_ll_usb.o)
                0x000000000800c38c                USB_FlushTxFifo
 .text.USB_GetDevSpeed
                0x000000000800c3c0       0x24 ../../libDaisy/build/libdaisy.a(stm32h7xx_ll_usb.o)
                0x000000000800c3c0                USB_GetDevSpeed
 .text.USB_ActivateEndpoint
                0x000000000800c3e4       0x90 ../../libDaisy/build/libdaisy.a(stm32h7xx_ll_usb.o)
                0x000000000800c3e4                USB_ActivateEndpoint
 .text.USB_DeactivateEndpoint
                0x000000000800c474       0x84 ../../libDaisy/build/libdaisy.a(stm32h7xx_ll_usb.o)
                0x000000000800c474                USB_DeactivateEndpoint
 .text.USB_EPStartXfer
                0x000000000800c4f8      0x230 ../../libDaisy/build/libdaisy.a(stm32h7xx_ll_usb.o)
                0x000000000800c4f8                USB_EPStartXfer
 .text.USB_EP0StartXfer
                0x000000000800c728      0x174 ../../libDaisy/build/libdaisy.a(stm32h7xx_ll_usb.o)
                0x000000000800c728                USB_EP0StartXfer
 .text.USB_WritePacket
                0x000000000800c89c       0x2c ../../libDaisy/build/libdaisy.a(stm32h7xx_ll_usb.o)
                0x000000000800c89c                USB_WritePacket
 .text.USB_ReadPacket
                0x000000000800c8c8       0x20 ../../libDaisy/build/libdaisy.a(stm32h7xx_ll_usb.o)
                0x000000000800c8c8                USB_ReadPacket
 .text.USB_EPSetStall
                0x000000000800c8e8       0x68 ../../libDaisy/build/libdaisy.a(stm32h7xx_ll_usb.o)
                0x000000000800c8e8                USB_EPSetStall
 .text.USB_EPClearStall
                0x000000000800c950       0x58 ../../libDaisy/build/libdaisy.a(stm32h7xx_ll_usb.o)
                0x000000000800c950                USB_EPClearStall
 .text.USB_SetDevAddress
                0x000000000800c9a8       0x24 ../../libDaisy/build/libdaisy.a(stm32h7xx_ll_usb.o)
                0x000000000800c9a8                USB_SetDevAddress
 .text.USB_DevConnect
                0x000000000800c9cc       0x1c ../../libDaisy/build/libdaisy.a(stm32h7xx_ll_usb.o)
                0x000000000800c9cc                USB_DevConnect
 .text.USB_DevDisconnect
                0x000000000800c9e8       0x1c ../../libDaisy/build/libdaisy.a(stm32h7xx_ll_usb.o)
                0x000000000800c9e8                USB_DevDisconnect
 .text.USB_ReadInterrupts
                0x000000000800ca04       0x14 ../../libDaisy/build/libdaisy.a(stm32h7xx_ll_usb.o)
                0x000000000800ca04                USB_ReadInterrupts
 .text.USB_ReadDevAllOutEpInterrupt
                0x000000000800ca18       0x1c ../../libDaisy/build/libdaisy.a(stm32h7xx_ll_usb.o)
                0x000000000800ca18                USB_ReadDevAllOutEpInterrupt
 .text.USB_ReadDevAllInEpInterrupt
                0x000000000800ca34       0x1c ../../libDaisy/build/libdaisy.a(stm32h7xx_ll_usb.o)
                0x000000000800ca34                USB_ReadDevAllInEpInterrupt
 .text.USB_ReadDevOutEPInterrupt
                0x000000000800ca50       0x1c ../../libDaisy/build/libdaisy.a(stm32h7xx_ll_usb.o)
                0x000000000800ca50                USB_ReadDevOutEPInterrupt
 .text.USB_ReadDevInEPInterrupt
                0x000000000800ca6c       0x38 ../../libDaisy/build/libdaisy.a(stm32h7xx_ll_usb.o)
                0x000000000800ca6c                USB_ReadDevInEPInterrupt
 .text.USB_GetMode
                0x000000000800caa4        0x8 ../../libDaisy/build/libdaisy.a(stm32h7xx_ll_usb.o)
                0x000000000800caa4                USB_GetMode
 .text.USB_ActivateSetup
                0x000000000800caac       0x38 ../../libDaisy/build/libdaisy.a(stm32h7xx_ll_usb.o)
                0x000000000800caac                USB_ActivateSetup
 .text.USB_EP0_OutStart
                0x000000000800cae4       0x58 ../../libDaisy/build/libdaisy.a(stm32h7xx_ll_usb.o)
                0x000000000800cae4                USB_EP0_OutStart
 .text.USB_InitFSLSPClkSel
                0x000000000800cb3c       0x44 ../../libDaisy/build/libdaisy.a(stm32h7xx_ll_usb.o)
                0x000000000800cb3c                USB_InitFSLSPClkSel
 .text.USB_HC_ReadInterrupt
                0x000000000800cb80        0x8 ../../libDaisy/build/libdaisy.a(stm32h7xx_ll_usb.o)
                0x000000000800cb80                USB_HC_ReadInterrupt
 .text.USB_HC_Halt
                0x000000000800cb88       0xc0 ../../libDaisy/build/libdaisy.a(stm32h7xx_ll_usb.o)
                0x000000000800cb88                USB_HC_Halt
 .text.USB_StopHost
                0x000000000800cc48      0x2ec ../../libDaisy/build/libdaisy.a(stm32h7xx_ll_usb.o)
                0x000000000800cc48                USB_StopHost
 .text.USBD_Init
                0x000000000800cf34       0x44 ../../libDaisy/build/libdaisy.a(usbd_core.o)
                0x000000000800cf34                USBD_Init
 .text.USBD_RegisterClass
                0x000000000800cf78       0x2c ../../libDaisy/build/libdaisy.a(usbd_core.o)
                0x000000000800cf78                USBD_RegisterClass
 .text.USBD_Start
                0x000000000800cfa4        0xc ../../libDaisy/build/libdaisy.a(usbd_core.o)
                0x000000000800cfa4                USBD_Start
 .text.USBD_SetClassConfig
                0x000000000800cfb0       0x14 ../../libDaisy/build/libdaisy.a(usbd_core.o)
                0x000000000800cfb0                USBD_SetClassConfig
 .text.USBD_ClrClassConfig
                0x000000000800cfc4       0x10 ../../libDaisy/build/libdaisy.a(usbd_core.o)
                0x000000000800cfc4                USBD_ClrClassConfig
 .text.USBD_LL_SetupStage
                0x000000000800cfd4       0x5c ../../libDaisy/build/libdaisy.a(usbd_core.o)
                0x000000000800cfd4                USBD_LL_SetupStage
 .text.USBD_LL_DataOutStage
                0x000000000800d030       0x7c ../../libDaisy/build/libdaisy.a(usbd_core.o)
                0x000000000800d030                USBD_LL_DataOutStage
 .text.USBD_LL_DataInStage
                0x000000000800d0ac       0xcc ../../libDaisy/build/libdaisy.a(usbd_core.o)
                0x000000000800d0ac                USBD_LL_DataInStage
 .text.USBD_LL_Reset
                0x000000000800d178       0x50 ../../libDaisy/build/libdaisy.a(usbd_core.o)
                0x000000000800d178                USBD_LL_Reset
 .text.USBD_LL_SetSpeed
                0x000000000800d1c8        0x8 ../../libDaisy/build/libdaisy.a(usbd_core.o)
                0x000000000800d1c8                USBD_LL_SetSpeed
 .text.USBD_LL_Suspend
                0x000000000800d1d0       0x14 ../../libDaisy/build/libdaisy.a(usbd_core.o)
                0x000000000800d1d0                USBD_LL_Suspend
 .text.USBD_LL_Resume
                0x000000000800d1e4       0x10 ../../libDaisy/build/libdaisy.a(usbd_core.o)
                0x000000000800d1e4                USBD_LL_Resume
 .text.USBD_LL_SOF
                0x000000000800d1f4       0x1c ../../libDaisy/build/libdaisy.a(usbd_core.o)
                0x000000000800d1f4                USBD_LL_SOF
 .text.USBD_LL_IsoINIncomplete
                0x000000000800d210        0x4 ../../libDaisy/build/libdaisy.a(usbd_core.o)
                0x000000000800d210                USBD_LL_IsoINIncomplete
 .text.USBD_LL_IsoOUTIncomplete
                0x000000000800d214        0x4 ../../libDaisy/build/libdaisy.a(usbd_core.o)
                0x000000000800d214                USBD_LL_IsoOUTIncomplete
 .text.USBD_LL_DevConnected
                0x000000000800d218        0x4 ../../libDaisy/build/libdaisy.a(usbd_core.o)
                0x000000000800d218                USBD_LL_DevConnected
 .text.USBD_LL_DevDisconnected
                0x000000000800d21c       0x18 ../../libDaisy/build/libdaisy.a(usbd_core.o)
                0x000000000800d21c                USBD_LL_DevDisconnected
 .text.USBD_StdDevReq
                0x000000000800d234      0x304 ../../libDaisy/build/libdaisy.a(usbd_ctlreq.o)
                0x000000000800d234                USBD_StdDevReq
 .text.USBD_StdItfReq
                0x000000000800d538       0x68 ../../libDaisy/build/libdaisy.a(usbd_ctlreq.o)
                0x000000000800d538                USBD_StdItfReq
 .text.USBD_StdEPReq
                0x000000000800d5a0      0x13c ../../libDaisy/build/libdaisy.a(usbd_ctlreq.o)
                0x000000000800d5a0                USBD_StdEPReq
 .text.USBD_ParseSetupRequest
                0x000000000800d6dc       0x28 ../../libDaisy/build/libdaisy.a(usbd_ctlreq.o)
                0x000000000800d6dc                USBD_ParseSetupRequest
 .text.USBD_CtlError
                0x000000000800d704       0x18 ../../libDaisy/build/libdaisy.a(usbd_ctlreq.o)
                0x000000000800d704                USBD_CtlError
 .text.USBD_GetString
                0x000000000800d71c       0x54 ../../libDaisy/build/libdaisy.a(usbd_ctlreq.o)
                0x000000000800d71c                USBD_GetString
 .text.USBD_CtlSendData
                0x000000000800d770       0x1c ../../libDaisy/build/libdaisy.a(usbd_ioreq.o)
                0x000000000800d770                USBD_CtlSendData
 .text.USBD_CtlContinueSendData
                0x000000000800d78c       0x14 ../../libDaisy/build/libdaisy.a(usbd_ioreq.o)
                0x000000000800d78c                USBD_CtlContinueSendData
 .text.USBD_CtlPrepareRx
                0x000000000800d7a0       0x1c ../../libDaisy/build/libdaisy.a(usbd_ioreq.o)
                0x000000000800d7a0                USBD_CtlPrepareRx
 .text.USBD_CtlContinueRx
                0x000000000800d7bc       0x14 ../../libDaisy/build/libdaisy.a(usbd_ioreq.o)
                0x000000000800d7bc                USBD_CtlContinueRx
 .text.USBD_CtlSendStatus
                0x000000000800d7d0       0x18 ../../libDaisy/build/libdaisy.a(usbd_ioreq.o)
                0x000000000800d7d0                USBD_CtlSendStatus
 .text.USBD_CtlReceiveStatus
                0x000000000800d7e8       0x18 ../../libDaisy/build/libdaisy.a(usbd_ioreq.o)
                0x000000000800d7e8                USBD_CtlReceiveStatus
 .text.USBH_LL_IncTimer
                0x000000000800d800       0x20 ../../libDaisy/build/libdaisy.a(usbh_core.o)
                0x000000000800d800                USBH_LL_IncTimer
 .text.USBH_LL_PortEnabled
                0x000000000800d820        0x8 ../../libDaisy/build/libdaisy.a(usbh_core.o)
                0x000000000800d820                USBH_LL_PortEnabled
 .text.USBH_LL_PortDisabled
                0x000000000800d828        0x8 ../../libDaisy/build/libdaisy.a(usbh_core.o)
                0x000000000800d828                USBH_LL_PortDisabled
 .text.USBH_LL_Connect
                0x000000000800d830       0x18 ../../libDaisy/build/libdaisy.a(usbh_core.o)
                0x000000000800d830                USBH_LL_Connect
 .text.USBH_LL_Disconnect
                0x000000000800d848       0x2c ../../libDaisy/build/libdaisy.a(usbh_core.o)
                0x000000000800d848                USBH_LL_Disconnect
 .text.USBH_FreePipe
                0x000000000800d874       0x18 ../../libDaisy/build/libdaisy.a(usbh_pipes.o)
                0x000000000800d874                USBH_FreePipe
 .text.DummyRxCallback
                0x000000000800d88c        0x4 ../../libDaisy/build/libdaisy.a(usb.o)
                0x000000000800d88c                DummyRxCallback
 .text._ZN5daisy9UsbHandle4InitENS0_9UsbPeriphE
                0x000000000800d890      0x10c ../../libDaisy/build/libdaisy.a(usb.o)
                0x000000000800d890                daisy::UsbHandle::Init(daisy::UsbHandle::UsbPeriph)
 .text._ZN5daisy9UsbHandle18SetReceiveCallbackEPFvPhPmENS0_9UsbPeriphE
                0x000000000800d99c       0x38 ../../libDaisy/build/libdaisy.a(usb.o)
                0x000000000800d99c                daisy::UsbHandle::SetReceiveCallback(void (*)(unsigned char*, unsigned long*), daisy::UsbHandle::UsbPeriph)
 .text.OTG_FS_EP1_OUT_IRQHandler
                0x000000000800d9d4        0xc ../../libDaisy/build/libdaisy.a(usb.o)
                0x000000000800d9d4                OTG_FS_EP1_OUT_IRQHandler
 .text.OTG_FS_EP1_IN_IRQHandler
                0x000000000800d9e0        0xc ../../libDaisy/build/libdaisy.a(usb.o)
                0x000000000800d9e0                OTG_FS_EP1_IN_IRQHandler
 .text.OTG_FS_IRQHandler
                0x000000000800d9ec        0xc ../../libDaisy/build/libdaisy.a(usb.o)
                0x000000000800d9ec                OTG_FS_IRQHandler
 .text._ZN5daisy6Random4InitEv
                0x000000000800d9f8       0x3c ../../libDaisy/build/libdaisy.a(rng.o)
                0x000000000800d9f8                daisy::Random::Init()
 .text._ZN5daisy9SpiHandle4Impl7InitDmaEv
                0x000000000800da34       0xec ../../libDaisy/build/libdaisy.a(spi.o)
                0x000000000800da34                daisy::SpiHandle::Impl::InitDma()
 .text._ZN5daisy9SpiHandle4Impl10StartDmaTxEPhjPFvPvEPFvS3_NS0_6ResultEES3_
                0x000000000800db20       0xc8 ../../libDaisy/build/libdaisy.a(spi.o)
                0x000000000800db20                daisy::SpiHandle::Impl::StartDmaTx(unsigned char*, unsigned int, void (*)(void*), void (*)(void*, daisy::SpiHandle::Result), void*)
 .text._ZN5daisy9SpiHandle4Impl10StartDmaRxEPhjPFvPvEPFvS3_NS0_6ResultEES3_
                0x000000000800dbe8       0xc8 ../../libDaisy/build/libdaisy.a(spi.o)
                0x000000000800dbe8                daisy::SpiHandle::Impl::StartDmaRx(unsigned char*, unsigned int, void (*)(void*), void (*)(void*, daisy::SpiHandle::Result), void*)
 .text._ZN5daisy9SpiHandle4Impl12StartDmaRxTxEPhS2_jPFvPvEPFvS3_NS0_6ResultEES3_
                0x000000000800dcb0       0xcc ../../libDaisy/build/libdaisy.a(spi.o)
                0x000000000800dcb0                daisy::SpiHandle::Impl::StartDmaRxTx(unsigned char*, unsigned char*, unsigned int, void (*)(void*), void (*)(void*, daisy::SpiHandle::Result), void*)
 .text._ZN5daisy9SpiHandle4Impl8InitPinsEv
                0x000000000800dd7c      0x274 ../../libDaisy/build/libdaisy.a(spi.o)
                0x000000000800dd7c                daisy::SpiHandle::Impl::InitPins()
 .text.HAL_SPI_MspInit
                0x000000000800dff0      0x1a8 ../../libDaisy/build/libdaisy.a(spi.o)
                0x000000000800dff0                HAL_SPI_MspInit
 .text.dsy_spi_global_init
                0x000000000800e198       0x80 ../../libDaisy/build/libdaisy.a(spi.o)
                0x000000000800e198                dsy_spi_global_init
 .text.SPI1_IRQHandler
                0x000000000800e218        0xc ../../libDaisy/build/libdaisy.a(spi.o)
                0x000000000800e218                SPI1_IRQHandler
 .text.SPI2_IRQHandler
                0x000000000800e224        0xc ../../libDaisy/build/libdaisy.a(spi.o)
                0x000000000800e224                SPI2_IRQHandler
 .text.SPI3_IRQHandler
                0x000000000800e230        0xc ../../libDaisy/build/libdaisy.a(spi.o)
                0x000000000800e230                SPI3_IRQHandler
 .text.SPI4_IRQHandler
                0x000000000800e23c        0xc ../../libDaisy/build/libdaisy.a(spi.o)
                0x000000000800e23c                SPI4_IRQHandler
 .text.SPI5_IRQHandler
                0x000000000800e248        0xc ../../libDaisy/build/libdaisy.a(spi.o)
                0x000000000800e248                SPI5_IRQHandler
 .text.DMA2_Stream2_IRQHandler
                0x000000000800e254       0x34 ../../libDaisy/build/libdaisy.a(spi.o)
                0x000000000800e254                DMA2_Stream2_IRQHandler
 .text.DMA2_Stream3_IRQHandler
                0x000000000800e288       0x38 ../../libDaisy/build/libdaisy.a(spi.o)
                0x000000000800e288                DMA2_Stream3_IRQHandler
 .text.HAL_SPI_TxCpltCallback
                0x000000000800e2c0       0xc4 ../../libDaisy/build/libdaisy.a(spi.o)
                0x000000000800e2c0                HAL_SPI_TxCpltCallback
 .text.HAL_SPI_RxCpltCallback
                0x000000000800e384       0xc4 ../../libDaisy/build/libdaisy.a(spi.o)
                0x000000000800e384                HAL_SPI_RxCpltCallback
 .text.HAL_SPI_TxRxCpltCallback
                0x000000000800e448       0xc4 ../../libDaisy/build/libdaisy.a(spi.o)
                0x000000000800e448                HAL_SPI_TxRxCpltCallback
 .text.HAL_SPI_ErrorCallback
                0x000000000800e50c       0xc8 ../../libDaisy/build/libdaisy.a(spi.o)
                0x000000000800e50c                HAL_SPI_ErrorCallback
 .text.startup._GLOBAL__sub_I__Z19MapInstanceToHandleP11SPI_TypeDef
                0x000000000800e5d4      0x1b0 ../../libDaisy/build/libdaisy.a(spi.o)
 .text._ZL20UART_CheckRxListenerPN5daisy11UartHandler4ImplE
                0x000000000800e784       0x84 ../../libDaisy/build/libdaisy.a(uart.o)
 .text._ZN5daisy11UartHandler4Impl10StartDmaTxEPhjPFvPvEPFvS3_NS0_6ResultEES3_
                0x000000000800e808      0x184 ../../libDaisy/build/libdaisy.a(uart.o)
                0x000000000800e808                daisy::UartHandler::Impl::StartDmaTx(unsigned char*, unsigned int, void (*)(void*), void (*)(void*, daisy::UartHandler::Result), void*)
 .text._ZN5daisy11UartHandler4Impl10StartDmaRxEPhjPFvPvEPFvS3_NS0_6ResultEES3_
                0x000000000800e98c      0x184 ../../libDaisy/build/libdaisy.a(uart.o)
                0x000000000800e98c                daisy::UartHandler::Impl::StartDmaRx(unsigned char*, unsigned int, void (*)(void*), void (*)(void*, daisy::UartHandler::Result), void*)
 .text._ZN5daisy11UartHandler4Impl19DmaTransferFinishedEP20__UART_HandleTypeDefNS0_6ResultE
                0x000000000800eb10       0xc0 ../../libDaisy/build/libdaisy.a(uart.o)
                0x000000000800eb10                daisy::UartHandler::Impl::DmaTransferFinished(__UART_HandleTypeDef*, daisy::UartHandler::Result)
 .text._ZN5daisy11UartHandler4Impl8InitPinsEv
                0x000000000800ebd0      0x154 ../../libDaisy/build/libdaisy.a(uart.o)
                0x000000000800ebd0                daisy::UartHandler::Impl::InitPins()
 .text.HAL_UART_MspInit
                0x000000000800ed24      0x210 ../../libDaisy/build/libdaisy.a(uart.o)
                0x000000000800ed24                HAL_UART_MspInit
 .text.dsy_uart_global_init
                0x000000000800ef34       0xfc ../../libDaisy/build/libdaisy.a(uart.o)
                0x000000000800ef34                dsy_uart_global_init
 .text.USART1_IRQHandler
                0x000000000800f030       0x2c ../../libDaisy/build/libdaisy.a(uart.o)
                0x000000000800f030                USART1_IRQHandler
 .text.USART2_IRQHandler
                0x000000000800f05c       0x34 ../../libDaisy/build/libdaisy.a(uart.o)
                0x000000000800f05c                USART2_IRQHandler
 .text.USART3_IRQHandler
                0x000000000800f090       0x34 ../../libDaisy/build/libdaisy.a(uart.o)
                0x000000000800f090                USART3_IRQHandler
 .text.UART4_IRQHandler
                0x000000000800f0c4       0x34 ../../libDaisy/build/libdaisy.a(uart.o)
                0x000000000800f0c4                UART4_IRQHandler
 .text.UART5_IRQHandler
                0x000000000800f0f8       0x34 ../../libDaisy/build/libdaisy.a(uart.o)
                0x000000000800f0f8                UART5_IRQHandler
 .text.USART6_IRQHandler
                0x000000000800f12c       0x34 ../../libDaisy/build/libdaisy.a(uart.o)
                0x000000000800f12c                USART6_IRQHandler
 .text.UART7_IRQHandler
                0x000000000800f160       0x34 ../../libDaisy/build/libdaisy.a(uart.o)
                0x000000000800f160                UART7_IRQHandler
 .text.UART8_IRQHandler
                0x000000000800f194       0x34 ../../libDaisy/build/libdaisy.a(uart.o)
                0x000000000800f194                UART8_IRQHandler
 .text.LPUART1_IRQHandler
                0x000000000800f1c8       0x34 ../../libDaisy/build/libdaisy.a(uart.o)
                0x000000000800f1c8                LPUART1_IRQHandler
 .text.DMA1_Stream5_IRQHandler
                0x000000000800f1fc       0x34 ../../libDaisy/build/libdaisy.a(uart.o)
                0x000000000800f1fc                DMA1_Stream5_IRQHandler
 .text.DMA2_Stream4_IRQHandler
                0x000000000800f230       0x38 ../../libDaisy/build/libdaisy.a(uart.o)
                0x000000000800f230                DMA2_Stream4_IRQHandler
 .text.HAL_UART_TxCpltCallback
                0x000000000800f268        0x8 ../../libDaisy/build/libdaisy.a(uart.o)
                0x000000000800f268                HAL_UART_TxCpltCallback
 .text.HAL_UART_RxCpltCallback
                0x000000000800f270       0x94 ../../libDaisy/build/libdaisy.a(uart.o)
                0x000000000800f270                HAL_UART_RxCpltCallback
 .text.HAL_UART_RxHalfCpltCallback
                0x000000000800f304       0x90 ../../libDaisy/build/libdaisy.a(uart.o)
                0x000000000800f304                HAL_UART_RxHalfCpltCallback
 .text.HAL_UART_ErrorCallback
                0x000000000800f394        0x8 ../../libDaisy/build/libdaisy.a(uart.o)
                0x000000000800f394                HAL_UART_ErrorCallback
 .text.startup._GLOBAL__sub_I__Z19MapInstanceToHandleP13USART_TypeDef
                0x000000000800f39c      0x194 ../../libDaisy/build/libdaisy.a(uart.o)
 .text.dsy_dma_init
                0x000000000800f530      0x100 ../../libDaisy/build/libdaisy.a(dma.o)
                0x000000000800f530                dsy_dma_init
 .text.dsy_dma_invalidate_cache_for_buffer
                0x000000000800f630       0x2c ../../libDaisy/build/libdaisy.a(dma.o)
                0x000000000800f630                dsy_dma_invalidate_cache_for_buffer
 .text.dummy_rx_callback
                0x000000000800f65c        0x4 ../../libDaisy/build/libdaisy.a(usbd_cdc_if.o)
                0x000000000800f65c                dummy_rx_callback
 .text.CDC_DeInit_FS
                0x000000000800f660        0x4 ../../libDaisy/build/libdaisy.a(usbd_cdc_if.o)
 .text.CDC_Receive_FS
                0x000000000800f664       0x2c ../../libDaisy/build/libdaisy.a(usbd_cdc_if.o)
 .text.CDC_Receive_HS
                0x000000000800f690       0x2c ../../libDaisy/build/libdaisy.a(usbd_cdc_if.o)
 .text.CDC_Init_FS
                0x000000000800f6bc       0x3c ../../libDaisy/build/libdaisy.a(usbd_cdc_if.o)
 .text.CDC_Init_HS
                0x000000000800f6f8       0x3c ../../libDaisy/build/libdaisy.a(usbd_cdc_if.o)
 .text.CDC_Control_FS
                0x000000000800f734       0x34 ../../libDaisy/build/libdaisy.a(usbd_cdc_if.o)
 .text.CDC_Control_HS
                0x000000000800f768       0x34 ../../libDaisy/build/libdaisy.a(usbd_cdc_if.o)
 .text.CDC_DeInit_HS
                0x000000000800f79c        0x4 ../../libDaisy/build/libdaisy.a(usbd_cdc_if.o)
 .text.CDC_Set_Rx_Callback_FS
                0x000000000800f7a0        0xc ../../libDaisy/build/libdaisy.a(usbd_cdc_if.o)
                0x000000000800f7a0                CDC_Set_Rx_Callback_FS
 .text.CDC_Set_Rx_Callback_HS
                0x000000000800f7ac        0xc ../../libDaisy/build/libdaisy.a(usbd_cdc_if.o)
                0x000000000800f7ac                CDC_Set_Rx_Callback_HS
 .text.USBD_HS_DeviceDescriptor
                0x000000000800f7b8        0xc ../../libDaisy/build/libdaisy.a(usbd_desc.o)
                0x000000000800f7b8                USBD_HS_DeviceDescriptor
 .text.USBD_FS_DeviceDescriptor
                0x000000000800f7c4        0xc ../../libDaisy/build/libdaisy.a(usbd_desc.o)
                0x000000000800f7c4                USBD_FS_DeviceDescriptor
 .text.USBD_FS_LangIDStrDescriptor
                0x000000000800f7d0        0xc ../../libDaisy/build/libdaisy.a(usbd_desc.o)
                0x000000000800f7d0                USBD_FS_LangIDStrDescriptor
 .text.USBD_FS_ManufacturerStrDescriptor
                0x000000000800f7dc       0x1c ../../libDaisy/build/libdaisy.a(usbd_desc.o)
                0x000000000800f7dc                USBD_FS_ManufacturerStrDescriptor
 .text.USBD_HS_ProductStrDescriptor
                0x000000000800f7f8       0x1c ../../libDaisy/build/libdaisy.a(usbd_desc.o)
                0x000000000800f7f8                USBD_HS_ProductStrDescriptor
 .text.USBD_FS_ConfigStrDescriptor
                0x000000000800f814       0x1c ../../libDaisy/build/libdaisy.a(usbd_desc.o)
                0x000000000800f814                USBD_FS_ConfigStrDescriptor
 .text.USBD_FS_InterfaceStrDescriptor
                0x000000000800f830       0x1c ../../libDaisy/build/libdaisy.a(usbd_desc.o)
                0x000000000800f830                USBD_FS_InterfaceStrDescriptor
 .text.USBD_FS_ProductStrDescriptor
                0x000000000800f84c       0x1c ../../libDaisy/build/libdaisy.a(usbd_desc.o)
                0x000000000800f84c                USBD_FS_ProductStrDescriptor
 .text.USBD_HS_LangIDStrDescriptor
                0x000000000800f868        0xc ../../libDaisy/build/libdaisy.a(usbd_desc.o)
                0x000000000800f868                USBD_HS_LangIDStrDescriptor
 .text.USBD_HS_ManufacturerStrDescriptor
                0x000000000800f874       0x1c ../../libDaisy/build/libdaisy.a(usbd_desc.o)
                0x000000000800f874                USBD_HS_ManufacturerStrDescriptor
 .text.USBD_FS_SerialStrDescriptor
                0x000000000800f890      0x124 ../../libDaisy/build/libdaisy.a(usbd_desc.o)
                0x000000000800f890                USBD_FS_SerialStrDescriptor
 .text.USBD_HS_SerialStrDescriptor
                0x000000000800f9b4      0x124 ../../libDaisy/build/libdaisy.a(usbd_desc.o)
                0x000000000800f9b4                USBD_HS_SerialStrDescriptor
 .text.USBD_HS_InterfaceStrDescriptor
                0x000000000800fad8       0x1c ../../libDaisy/build/libdaisy.a(usbd_desc.o)